============================= test session starts =============================
platform win32 -- Python 3.11.9, pytest-9.1.1, pluggy-1.6.0 -- <engine>\.venv\Scripts\python.exe
rootdir: <engine>
configfile: pyproject.toml
collecting ... collected 47 items

tests/core/test_records.py::test_equal_exact_spellings_normalize[1_0] PASSED [  2%]
tests/core/test_records.py::test_equal_exact_spellings_normalize[1_1] PASSED [  4%]
tests/core/test_records.py::test_equal_exact_spellings_normalize[2/2] PASSED [  6%]
tests/core/test_records.py::test_equal_exact_spellings_normalize[1.0] PASSED [  8%]
tests/core/test_records.py::test_equal_exact_spellings_normalize[10e-1] PASSED [ 10%]
tests/core/test_records.py::test_equal_exact_spellings_normalize[+1] PASSED [ 12%]
tests/core/test_records.py::test_equal_exact_spellings_normalize[ 1 ] PASSED [ 14%]
tests/core/test_records.py::test_fraction_and_decimal_agree PASSED       [ 17%]
tests/core/test_records.py::test_nonexact_inputs_rejected[0.5] PASSED    [ 19%]
tests/core/test_records.py::test_nonexact_inputs_rejected[1.0] PASSED    [ 21%]
tests/core/test_records.py::test_nonexact_inputs_rejected[True] PASSED   [ 23%]
tests/core/test_records.py::test_nonexact_inputs_rejected[False] PASSED  [ 25%]
tests/core/test_records.py::test_nonexact_inputs_rejected[None] PASSED   [ 27%]
tests/core/test_records.py::test_nonexact_inputs_rejected[bad5] PASSED   [ 29%]
tests/core/test_records.py::test_nonexact_inputs_rejected[nan] PASSED    [ 31%]
tests/core/test_records.py::test_nonexact_inputs_rejected[inf] PASSED    [ 34%]
tests/core/test_records.py::test_nonexact_inputs_rejected[-Infinity] PASSED [ 36%]
tests/core/test_records.py::test_nonexact_inputs_rejected[1/0] PASSED    [ 38%]
tests/core/test_records.py::test_nonexact_inputs_rejected[] PASSED       [ 40%]
tests/core/test_records.py::test_nonexact_inputs_rejected[1/2/3] PASSED  [ 42%]
tests/core/test_records.py::test_nonexact_inputs_rejected[0x10] PASSED   [ 44%]
tests/core/test_records.py::test_nonexact_inputs_rejected[1_000] PASSED  [ 46%]
tests/core/test_records.py::test_nonexact_inputs_rejected[\xbd] PASSED   [ 48%]
tests/core/test_records.py::test_canonical_json_is_order_independent_and_compact PASSED [ 51%]
tests/core/test_records.py::test_canonical_json_rejects_non_json_values[bad0] PASSED [ 53%]
tests/core/test_records.py::test_canonical_json_rejects_non_json_values[bad1] PASSED [ 55%]
tests/core/test_records.py::test_canonical_json_rejects_non_json_values[bad2] PASSED [ 57%]
tests/core/test_records.py::test_canonical_json_rejects_non_json_values[bad3] PASSED [ 59%]
tests/core/test_records.py::test_canonical_json_rejects_non_json_values[bad4] PASSED [ 61%]
tests/core/test_records.py::test_canonical_json_rejects_non_json_values[bad5] PASSED [ 63%]
tests/core/test_records.py::test_strict_loads_rejects_duplicates_and_nonfinite PASSED [ 65%]
tests/core/test_records.py::test_float_round_trips_through_canonical_text PASSED [ 68%]
tests/core/test_records.py::test_valid_state_passes_and_hash_excludes_nothing_semantic PASSED [ 70%]
tests/core/test_records.py::test_invalid_states_rejected[over0-unsupported state schema] PASSED [ 72%]
tests/core/test_records.py::test_invalid_states_rejected[over1-kind] PASSED [ 74%]
tests/core/test_records.py::test_invalid_states_rejected[over2-kind] PASSED [ 76%]
tests/core/test_records.py::test_invalid_states_rejected[over3-parent] PASSED [ 78%]
tests/core/test_records.py::test_invalid_states_rejected[over4-parent] PASSED [ 80%]
tests/core/test_records.py::test_invalid_states_rejected[over5-representation] PASSED [ 82%]
tests/core/test_records.py::test_invalid_states_rejected[over6-payload] PASSED [ 85%]
tests/core/test_records.py::test_invalid_states_rejected[over7-exact representation contains a float] PASSED [ 87%]
tests/core/test_records.py::test_invalid_states_rejected[over8-exact representation contains a float] PASSED [ 89%]
tests/core/test_records.py::test_state_rejects_extra_or_missing_keys PASSED [ 91%]
tests/core/test_records.py::test_approximate_state_may_hold_floats_but_is_never_relabeled_exact PASSED [ 93%]
tests/core/test_records.py::test_store_returns_defensive_copies PASSED   [ 95%]
tests/core/test_records.py::test_store_chain_validation_detects_dangling_and_tampered_ancestors PASSED [ 97%]
tests/core/test_records.py::test_store_rejects_cyclic_references_in_imported_records PASSED [100%]

============================= 47 passed in 0.04s ==============================
