============================= test session starts =============================
platform win32 -- Python 3.11.9, pytest-9.1.1, pluggy-1.6.0 -- <engine>\.venv\Scripts\python.exe
rootdir: <engine>
configfile: pyproject.toml
collecting ... collected 16 items

tests/core/test_evidence.py::test_outcome_method_representation_and_validation_are_distinct PASSED [  6%]
tests/core/test_evidence.py::test_missing_required_evidence_cannot_pass PASSED [ 12%]
tests/core/test_evidence.py::test_required_unknown_propagates_and_fail_dominates PASSED [ 18%]
tests/core/test_evidence.py::test_repeated_checks_are_retained_and_conflicts_never_overwrite PASSED [ 25%]
tests/core/test_evidence.py::test_changed_ancestor_invalidates_reuse PASSED [ 31%]
tests/core/test_evidence.py::test_checker_revision_change_invalidates_reuse PASSED [ 37%]
tests/core/test_evidence.py::test_tolerance_policy_change_invalidates_reuse PASSED [ 43%]
tests/core/test_evidence.py::test_rounded_representation_is_not_evidence_about_its_exact_source PASSED [ 50%]
tests/core/test_evidence.py::test_numerical_pass_does_not_satisfy_an_exact_requirement PASSED [ 56%]
tests/core/test_evidence.py::test_ambiguous_contact_at_hypothetical_glued_hinge_stays_unknown PASSED [ 62%]
tests/core/test_evidence.py::test_near_integer_float_is_unknown_not_pass PASSED [ 68%]
tests/core/test_evidence.py::test_imported_results_are_not_verified_by_label PASSED [ 75%]
tests/core/test_evidence.py::test_formal_proof_has_no_route_to_pass PASSED [ 81%]
tests/core/test_evidence.py::test_requirement_parameters_bind_evidence PASSED [ 87%]
tests/core/test_evidence.py::test_speculative_state_is_preserved_with_failing_evidence PASSED [ 93%]
tests/core/test_evidence.py::test_check_input_validation PASSED          [100%]

============================= 16 passed in 0.04s ==============================
