FFFFFFFF.FFFFFFFFFFFFFFFFFFFFFFFFFFFFFFFFFFFFF                           [100%]
================================== FAILURES ===================================
_____________ test_fresh_e11_bundle_verifies_every_seam_and_bound _____________

e11 = {'schema': 'two_rim.ideal.recheck_bundle/1', 'label': 'maintained ideal lane: stored states and ideal-checker evidence...n': 'sha256:9afbe78b6b33ca27d013e475a00c8b073adf92c3bc773628c219ec1b349dde1d', 'checker_version': 1, ...}, ...]}, ...}}
tmp_path = WindowsPath('C:/Users/<user>/AppData/Local/Temp/pytest-of-<user>/pytest-1795/test_fresh_e11_bundle_verifies0')

    def test_fresh_e11_bundle_verifies_every_seam_and_bound(e11, tmp_path):
        totals, report = run_rc(e11, tmp_path)
>       assert totals["verified"] is True and totals["failures"] == 0 and totals["verified_seams"] == 11
E       assert (False is True)

tests\two_rim_ideal_recheck\test_recheck_ideal.py:85: AssertionError
---------------------------- Captured stdout call -----------------------------
{
 "axis_confirmed": 0,
 "axis_rows": 0,
 "coordinates_checked": 0,
 "coordinates_contained": 0,
 "euclidean_bounds_confirmed": 0,
 "expected_pairs": 0,
 "failed_seams": 0,
 "failures": 1,
 "rejected_seams": 0,
 "rows_checked": 0,
 "theorem_s_confirmed": 0,
 "theorem_s_rows": 0,
 "unknown_rows": 0,
 "verified": false,
 "verified_seams": 0,
 "witness_bounds_confirmed": 0,
 "witness_confirmed": 0,
 "witness_rows": 0
}
______________________ test_the_report_states_its_scope _______________________

e11 = {'schema': 'two_rim.ideal.recheck_bundle/1', 'label': 'maintained ideal lane: stored states and ideal-checker evidence...n': 'sha256:9afbe78b6b33ca27d013e475a00c8b073adf92c3bc773628c219ec1b349dde1d', 'checker_version': 1, ...}, ...]}, ...}}
tmp_path = WindowsPath('C:/Users/<user>/AppData/Local/Temp/pytest-of-<user>/pytest-1795/test_the_report_states_its_sco0')

    def test_the_report_states_its_scope(e11, tmp_path):
        _, report = run_rc(dict(e11, seams={"E4": e11["seams"]["E4"]}), tmp_path)
        scope = report["scope"]
>       assert "not re-proved" in scope["stage2_source_correspondence_and_run_evidence"]
E       AssertionError: assert 'not re-proved' in 'not re-verified here; established at in-Run certificate issuance'

tests\two_rim_ideal_recheck\test_recheck_ideal.py:99: AssertionError
---------------------------- Captured stdout call -----------------------------
{
 "axis_confirmed": 0,
 "axis_rows": 0,
 "coordinates_checked": 0,
 "coordinates_contained": 0,
 "euclidean_bounds_confirmed": 0,
 "expected_pairs": 0,
 "failed_seams": 0,
 "failures": 1,
 "rejected_seams": 0,
 "rows_checked": 0,
 "theorem_s_confirmed": 0,
 "theorem_s_rows": 0,
 "unknown_rows": 0,
 "verified": false,
 "verified_seams": 0,
 "witness_bounds_confirmed": 0,
 "witness_confirmed": 0,
 "witness_rows": 0
}
_____________ test_fresh_square_bundles_verify_on_the_exact_path ______________

tmp_path = WindowsPath('C:/Users/<user>/AppData/Local/Temp/pytest-of-<user>/pytest-1795/test_fresh_square_bundles_veri0')

    def test_fresh_square_bundles_verify_on_the_exact_path(tmp_path):
        for delta in ("1/4", "1/3"):
            totals, report = run_rc(_search(SQUARE, delta), tmp_path)
>           assert totals["verified"] is True and totals["verified_seams"] == 4
E           assert (False is True)

tests\two_rim_ideal_recheck\test_recheck_ideal.py:111: AssertionError
---------------------------- Captured stdout call -----------------------------
{
 "axis_confirmed": 0,
 "axis_rows": 0,
 "coordinates_checked": 0,
 "coordinates_contained": 0,
 "euclidean_bounds_confirmed": 0,
 "expected_pairs": 0,
 "failed_seams": 0,
 "failures": 1,
 "rejected_seams": 0,
 "rows_checked": 0,
 "theorem_s_confirmed": 0,
 "theorem_s_rows": 0,
 "unknown_rows": 0,
 "verified": false,
 "verified_seams": 0,
 "witness_bounds_confirmed": 0,
 "witness_confirmed": 0,
 "witness_rows": 0
}
__________ test_single_fault_is_rejected_with_its_reason[axis_order] __________

pair = {'schema': 'two_rim.ideal.recheck_bundle/1', 'label': 'maintained ideal lane: stored states and ideal-checker evidence...vision': 'sha256:9afbe78b6b33ca27d013e475a00c8b073adf92c3bc773628c219ec1b349dde1d', 'checker_version': 1, ...}, ...]}}}
tmp_path = WindowsPath('C:/Users/<user>/AppData/Local/Temp/pytest-of-<user>/pytest-1795/test_single_fault_is_rejected_0')
code = 'axis_order'

    @pytest.mark.parametrize("code", sorted(FAULTS))
    def test_single_fault_is_rejected_with_its_reason(pair, tmp_path, code):
        b = copy.deepcopy(pair)
        FAULTS[code](b)
        totals, report = run_rc(b, tmp_path)
        assert totals["verified"] is False and totals["failures"] > 0, code
>       assert code in reasons(report), (code, sorted(reasons(report)))
E       AssertionError: ('axis_order', ['bundle_schema'])
E       assert 'axis_order' in {'bundle_schema'}
E        +  where {'bundle_schema'} = reasons({'bundle_failures': [{'code': 'bundle_schema', 'detail': "schema 'two_rim.ideal.recheck_bundle/1'; binding to source/c...10-10.0.26200-SP0', 'python': '3.11.9 (tags/v3.11.9:de54cf5, Apr  2 2024, 10:12:12) [MSC v.1938 64 bit (AMD64)]'}, ...})

tests\two_rim_ideal_recheck\test_recheck_ideal.py:179: AssertionError
---------------------------- Captured stdout call -----------------------------
{
 "axis_confirmed": 0,
 "axis_rows": 0,
 "coordinates_checked": 0,
 "coordinates_contained": 0,
 "euclidean_bounds_confirmed": 0,
 "expected_pairs": 0,
 "failed_seams": 0,
 "failures": 1,
 "rejected_seams": 0,
 "rows_checked": 0,
 "theorem_s_confirmed": 0,
 "theorem_s_rows": 0,
 "unknown_rows": 0,
 "verified": false,
 "verified_seams": 0,
 "witness_bounds_confirmed": 0,
 "witness_confirmed": 0,
 "witness_rows": 0
}
__________ test_single_fault_is_rejected_with_its_reason[axis_zero] ___________

pair = {'schema': 'two_rim.ideal.recheck_bundle/1', 'label': 'maintained ideal lane: stored states and ideal-checker evidence...vision': 'sha256:9afbe78b6b33ca27d013e475a00c8b073adf92c3bc773628c219ec1b349dde1d', 'checker_version': 1, ...}, ...]}}}
tmp_path = WindowsPath('C:/Users/<user>/AppData/Local/Temp/pytest-of-<user>/pytest-1795/test_single_fault_is_rejected_1')
code = 'axis_zero'

    @pytest.mark.parametrize("code", sorted(FAULTS))
    def test_single_fault_is_rejected_with_its_reason(pair, tmp_path, code):
        b = copy.deepcopy(pair)
        FAULTS[code](b)
        totals, report = run_rc(b, tmp_path)
        assert totals["verified"] is False and totals["failures"] > 0, code
>       assert code in reasons(report), (code, sorted(reasons(report)))
E       AssertionError: ('axis_zero', ['bundle_schema'])
E       assert 'axis_zero' in {'bundle_schema'}
E        +  where {'bundle_schema'} = reasons({'bundle_failures': [{'code': 'bundle_schema', 'detail': "schema 'two_rim.ideal.recheck_bundle/1'; binding to source/c...10-10.0.26200-SP0', 'python': '3.11.9 (tags/v3.11.9:de54cf5, Apr  2 2024, 10:12:12) [MSC v.1938 64 bit (AMD64)]'}, ...})

tests\two_rim_ideal_recheck\test_recheck_ideal.py:179: AssertionError
---------------------------- Captured stdout call -----------------------------
{
 "axis_confirmed": 0,
 "axis_rows": 0,
 "coordinates_checked": 0,
 "coordinates_contained": 0,
 "euclidean_bounds_confirmed": 0,
 "expected_pairs": 0,
 "failed_seams": 0,
 "failures": 1,
 "rejected_seams": 0,
 "rows_checked": 0,
 "theorem_s_confirmed": 0,
 "theorem_s_rows": 0,
 "unknown_rows": 0,
 "verified": false,
 "verified_seams": 0,
 "witness_bounds_confirmed": 0,
 "witness_confirmed": 0,
 "witness_rows": 0
}
__________ test_single_fault_is_rejected_with_its_reason[bits_level] __________

pair = {'schema': 'two_rim.ideal.recheck_bundle/1', 'label': 'maintained ideal lane: stored states and ideal-checker evidence...vision': 'sha256:9afbe78b6b33ca27d013e475a00c8b073adf92c3bc773628c219ec1b349dde1d', 'checker_version': 1, ...}, ...]}}}
tmp_path = WindowsPath('C:/Users/<user>/AppData/Local/Temp/pytest-of-<user>/pytest-1795/test_single_fault_is_rejected_2')
code = 'bits_level'

    @pytest.mark.parametrize("code", sorted(FAULTS))
    def test_single_fault_is_rejected_with_its_reason(pair, tmp_path, code):
        b = copy.deepcopy(pair)
        FAULTS[code](b)
        totals, report = run_rc(b, tmp_path)
        assert totals["verified"] is False and totals["failures"] > 0, code
>       assert code in reasons(report), (code, sorted(reasons(report)))
E       AssertionError: ('bits_level', ['bundle_schema'])
E       assert 'bits_level' in {'bundle_schema'}
E        +  where {'bundle_schema'} = reasons({'bundle_failures': [{'code': 'bundle_schema', 'detail': "schema 'two_rim.ideal.recheck_bundle/1'; binding to source/c...10-10.0.26200-SP0', 'python': '3.11.9 (tags/v3.11.9:de54cf5, Apr  2 2024, 10:12:12) [MSC v.1938 64 bit (AMD64)]'}, ...})

tests\two_rim_ideal_recheck\test_recheck_ideal.py:179: AssertionError
---------------------------- Captured stdout call -----------------------------
{
 "axis_confirmed": 0,
 "axis_rows": 0,
 "coordinates_checked": 0,
 "coordinates_contained": 0,
 "euclidean_bounds_confirmed": 0,
 "expected_pairs": 0,
 "failed_seams": 0,
 "failures": 1,
 "rejected_seams": 0,
 "rows_checked": 0,
 "theorem_s_confirmed": 0,
 "theorem_s_rows": 0,
 "unknown_rows": 0,
 "verified": false,
 "verified_seams": 0,
 "witness_bounds_confirmed": 0,
 "witness_confirmed": 0,
 "witness_rows": 0
}
_________ test_single_fault_is_rejected_with_its_reason[box_coverage] _________

pair = {'schema': 'two_rim.ideal.recheck_bundle/1', 'label': 'maintained ideal lane: stored states and ideal-checker evidence...vision': 'sha256:9afbe78b6b33ca27d013e475a00c8b073adf92c3bc773628c219ec1b349dde1d', 'checker_version': 1, ...}, ...]}}}
tmp_path = WindowsPath('C:/Users/<user>/AppData/Local/Temp/pytest-of-<user>/pytest-1795/test_single_fault_is_rejected_3')
code = 'box_coverage'

    @pytest.mark.parametrize("code", sorted(FAULTS))
    def test_single_fault_is_rejected_with_its_reason(pair, tmp_path, code):
        b = copy.deepcopy(pair)
        FAULTS[code](b)
        totals, report = run_rc(b, tmp_path)
        assert totals["verified"] is False and totals["failures"] > 0, code
>       assert code in reasons(report), (code, sorted(reasons(report)))
E       AssertionError: ('box_coverage', ['bundle_schema'])
E       assert 'box_coverage' in {'bundle_schema'}
E        +  where {'bundle_schema'} = reasons({'bundle_failures': [{'code': 'bundle_schema', 'detail': "schema 'two_rim.ideal.recheck_bundle/1'; binding to source/c...10-10.0.26200-SP0', 'python': '3.11.9 (tags/v3.11.9:de54cf5, Apr  2 2024, 10:12:12) [MSC v.1938 64 bit (AMD64)]'}, ...})

tests\two_rim_ideal_recheck\test_recheck_ideal.py:179: AssertionError
---------------------------- Captured stdout call -----------------------------
{
 "axis_confirmed": 0,
 "axis_rows": 0,
 "coordinates_checked": 0,
 "coordinates_contained": 0,
 "euclidean_bounds_confirmed": 0,
 "expected_pairs": 0,
 "failed_seams": 0,
 "failures": 1,
 "rejected_seams": 0,
 "rows_checked": 0,
 "theorem_s_confirmed": 0,
 "theorem_s_rows": 0,
 "unknown_rows": 0,
 "verified": false,
 "verified_seams": 0,
 "witness_bounds_confirmed": 0,
 "witness_confirmed": 0,
 "witness_rows": 0
}
__________ test_single_fault_is_rejected_with_its_reason[box_shape] ___________

pair = {'schema': 'two_rim.ideal.recheck_bundle/1', 'label': 'maintained ideal lane: stored states and ideal-checker evidence...vision': 'sha256:9afbe78b6b33ca27d013e475a00c8b073adf92c3bc773628c219ec1b349dde1d', 'checker_version': 1, ...}, ...]}}}
tmp_path = WindowsPath('C:/Users/<user>/AppData/Local/Temp/pytest-of-<user>/pytest-1795/test_single_fault_is_rejected_4')
code = 'box_shape'

    @pytest.mark.parametrize("code", sorted(FAULTS))
    def test_single_fault_is_rejected_with_its_reason(pair, tmp_path, code):
        b = copy.deepcopy(pair)
        FAULTS[code](b)
        totals, report = run_rc(b, tmp_path)
        assert totals["verified"] is False and totals["failures"] > 0, code
>       assert code in reasons(report), (code, sorted(reasons(report)))
E       AssertionError: ('box_shape', ['bundle_schema'])
E       assert 'box_shape' in {'bundle_schema'}
E        +  where {'bundle_schema'} = reasons({'bundle_failures': [{'code': 'bundle_schema', 'detail': "schema 'two_rim.ideal.recheck_bundle/1'; binding to source/c...10-10.0.26200-SP0', 'python': '3.11.9 (tags/v3.11.9:de54cf5, Apr  2 2024, 10:12:12) [MSC v.1938 64 bit (AMD64)]'}, ...})

tests\two_rim_ideal_recheck\test_recheck_ideal.py:179: AssertionError
---------------------------- Captured stdout call -----------------------------
{
 "axis_confirmed": 0,
 "axis_rows": 0,
 "coordinates_checked": 0,
 "coordinates_contained": 0,
 "euclidean_bounds_confirmed": 0,
 "expected_pairs": 0,
 "failed_seams": 0,
 "failures": 1,
 "rejected_seams": 0,
 "rows_checked": 0,
 "theorem_s_confirmed": 0,
 "theorem_s_rows": 0,
 "unknown_rows": 0,
 "verified": false,
 "verified_seams": 0,
 "witness_bounds_confirmed": 0,
 "witness_confirmed": 0,
 "witness_rows": 0
}
_______ test_single_fault_is_rejected_with_its_reason[declared_claims] ________

pair = {'schema': 'two_rim.ideal.recheck_bundle/1', 'label': 'maintained ideal lane: stored states and ideal-checker evidence...vision': 'sha256:9afbe78b6b33ca27d013e475a00c8b073adf92c3bc773628c219ec1b349dde1d', 'checker_version': 1, ...}, ...]}}}
tmp_path = WindowsPath('C:/Users/<user>/AppData/Local/Temp/pytest-of-<user>/pytest-1795/test_single_fault_is_rejected_6')
code = 'declared_claims'

    @pytest.mark.parametrize("code", sorted(FAULTS))
    def test_single_fault_is_rejected_with_its_reason(pair, tmp_path, code):
        b = copy.deepcopy(pair)
        FAULTS[code](b)
        totals, report = run_rc(b, tmp_path)
        assert totals["verified"] is False and totals["failures"] > 0, code
>       assert code in reasons(report), (code, sorted(reasons(report)))
E       AssertionError: ('declared_claims', ['bundle_schema'])
E       assert 'declared_claims' in {'bundle_schema'}
E        +  where {'bundle_schema'} = reasons({'bundle_failures': [{'code': 'bundle_schema', 'detail': "schema 'two_rim.ideal.recheck_bundle/1'; binding to source/c...10-10.0.26200-SP0', 'python': '3.11.9 (tags/v3.11.9:de54cf5, Apr  2 2024, 10:12:12) [MSC v.1938 64 bit (AMD64)]'}, ...})

tests\two_rim_ideal_recheck\test_recheck_ideal.py:179: AssertionError
---------------------------- Captured stdout call -----------------------------
{
 "axis_confirmed": 0,
 "axis_rows": 0,
 "coordinates_checked": 0,
 "coordinates_contained": 0,
 "euclidean_bounds_confirmed": 0,
 "expected_pairs": 0,
 "failed_seams": 0,
 "failures": 1,
 "rejected_seams": 0,
 "rows_checked": 0,
 "theorem_s_confirmed": 0,
 "theorem_s_rows": 0,
 "unknown_rows": 0,
 "verified": false,
 "verified_seams": 0,
 "witness_bounds_confirmed": 0,
 "witness_confirmed": 0,
 "witness_rows": 0
}
_____ test_single_fault_is_rejected_with_its_reason[euclidean_gap_bound] ______

pair = {'schema': 'two_rim.ideal.recheck_bundle/1', 'label': 'maintained ideal lane: stored states and ideal-checker evidence...vision': 'sha256:9afbe78b6b33ca27d013e475a00c8b073adf92c3bc773628c219ec1b349dde1d', 'checker_version': 1, ...}, ...]}}}
tmp_path = WindowsPath('C:/Users/<user>/AppData/Local/Temp/pytest-of-<user>/pytest-1795/test_single_fault_is_rejected_7')
code = 'euclidean_gap_bound'

    @pytest.mark.parametrize("code", sorted(FAULTS))
    def test_single_fault_is_rejected_with_its_reason(pair, tmp_path, code):
        b = copy.deepcopy(pair)
        FAULTS[code](b)
        totals, report = run_rc(b, tmp_path)
        assert totals["verified"] is False and totals["failures"] > 0, code
>       assert code in reasons(report), (code, sorted(reasons(report)))
E       AssertionError: ('euclidean_gap_bound', ['bundle_schema'])
E       assert 'euclidean_gap_bound' in {'bundle_schema'}
E        +  where {'bundle_schema'} = reasons({'bundle_failures': [{'code': 'bundle_schema', 'detail': "schema 'two_rim.ideal.recheck_bundle/1'; binding to source/c...10-10.0.26200-SP0', 'python': '3.11.9 (tags/v3.11.9:de54cf5, Apr  2 2024, 10:12:12) [MSC v.1938 64 bit (AMD64)]'}, ...})

tests\two_rim_ideal_recheck\test_recheck_ideal.py:179: AssertionError
---------------------------- Captured stdout call -----------------------------
{
 "axis_confirmed": 0,
 "axis_rows": 0,
 "coordinates_checked": 0,
 "coordinates_contained": 0,
 "euclidean_bounds_confirmed": 0,
 "expected_pairs": 0,
 "failed_seams": 0,
 "failures": 1,
 "rejected_seams": 0,
 "rows_checked": 0,
 "theorem_s_confirmed": 0,
 "theorem_s_rows": 0,
 "unknown_rows": 0,
 "verified": false,
 "verified_seams": 0,
 "witness_bounds_confirmed": 0,
 "witness_confirmed": 0,
 "witness_rows": 0
}
__ test_single_fault_is_rejected_with_its_reason[euclidean_gap_bound_shape] ___

pair = {'schema': 'two_rim.ideal.recheck_bundle/1', 'label': 'maintained ideal lane: stored states and ideal-checker evidence...vision': 'sha256:9afbe78b6b33ca27d013e475a00c8b073adf92c3bc773628c219ec1b349dde1d', 'checker_version': 1, ...}, ...]}}}
tmp_path = WindowsPath('C:/Users/<user>/AppData/Local/Temp/pytest-of-<user>/pytest-1795/test_single_fault_is_rejected_8')
code = 'euclidean_gap_bound_shape'

    @pytest.mark.parametrize("code", sorted(FAULTS))
    def test_single_fault_is_rejected_with_its_reason(pair, tmp_path, code):
        b = copy.deepcopy(pair)
        FAULTS[code](b)
        totals, report = run_rc(b, tmp_path)
        assert totals["verified"] is False and totals["failures"] > 0, code
>       assert code in reasons(report), (code, sorted(reasons(report)))
E       AssertionError: ('euclidean_gap_bound_shape', ['bundle_schema'])
E       assert 'euclidean_gap_bound_shape' in {'bundle_schema'}
E        +  where {'bundle_schema'} = reasons({'bundle_failures': [{'code': 'bundle_schema', 'detail': "schema 'two_rim.ideal.recheck_bundle/1'; binding to source/c...10-10.0.26200-SP0', 'python': '3.11.9 (tags/v3.11.9:de54cf5, Apr  2 2024, 10:12:12) [MSC v.1938 64 bit (AMD64)]'}, ...})

tests\two_rim_ideal_recheck\test_recheck_ideal.py:179: AssertionError
---------------------------- Captured stdout call -----------------------------
{
 "axis_confirmed": 0,
 "axis_rows": 0,
 "coordinates_checked": 0,
 "coordinates_contained": 0,
 "euclidean_bounds_confirmed": 0,
 "expected_pairs": 0,
 "failed_seams": 0,
 "failures": 1,
 "rejected_seams": 0,
 "rows_checked": 0,
 "theorem_s_confirmed": 0,
 "theorem_s_rows": 0,
 "unknown_rows": 0,
 "verified": false,
 "verified_seams": 0,
 "witness_bounds_confirmed": 0,
 "witness_confirmed": 0,
 "witness_rows": 0
}
_______ test_single_fault_is_rejected_with_its_reason[evidence_checker] _______

pair = {'schema': 'two_rim.ideal.recheck_bundle/1', 'label': 'maintained ideal lane: stored states and ideal-checker evidence...vision': 'sha256:9afbe78b6b33ca27d013e475a00c8b073adf92c3bc773628c219ec1b349dde1d', 'checker_version': 1, ...}, ...]}}}
tmp_path = WindowsPath('C:/Users/<user>/AppData/Local/Temp/pytest-of-<user>/pytest-1795/test_single_fault_is_rejected_9')
code = 'evidence_checker'

    @pytest.mark.parametrize("code", sorted(FAULTS))
    def test_single_fault_is_rejected_with_its_reason(pair, tmp_path, code):
        b = copy.deepcopy(pair)
        FAULTS[code](b)
        totals, report = run_rc(b, tmp_path)
        assert totals["verified"] is False and totals["failures"] > 0, code
>       assert code in reasons(report), (code, sorted(reasons(report)))
E       AssertionError: ('evidence_checker', ['bundle_schema'])
E       assert 'evidence_checker' in {'bundle_schema'}
E        +  where {'bundle_schema'} = reasons({'bundle_failures': [{'code': 'bundle_schema', 'detail': "schema 'two_rim.ideal.recheck_bundle/1'; binding to source/c...10-10.0.26200-SP0', 'python': '3.11.9 (tags/v3.11.9:de54cf5, Apr  2 2024, 10:12:12) [MSC v.1938 64 bit (AMD64)]'}, ...})

tests\two_rim_ideal_recheck\test_recheck_ideal.py:179: AssertionError
---------------------------- Captured stdout call -----------------------------
{
 "axis_confirmed": 0,
 "axis_rows": 0,
 "coordinates_checked": 0,
 "coordinates_contained": 0,
 "euclidean_bounds_confirmed": 0,
 "expected_pairs": 0,
 "failed_seams": 0,
 "failures": 1,
 "rejected_seams": 0,
 "rows_checked": 0,
 "theorem_s_confirmed": 0,
 "theorem_s_rows": 0,
 "unknown_rows": 0,
 "verified": false,
 "verified_seams": 0,
 "witness_bounds_confirmed": 0,
 "witness_confirmed": 0,
 "witness_rows": 0
}
_______ test_single_fault_is_rejected_with_its_reason[evidence_claims] ________

pair = {'schema': 'two_rim.ideal.recheck_bundle/1', 'label': 'maintained ideal lane: stored states and ideal-checker evidence...vision': 'sha256:9afbe78b6b33ca27d013e475a00c8b073adf92c3bc773628c219ec1b349dde1d', 'checker_version': 1, ...}, ...]}}}
tmp_path = WindowsPath('C:/Users/<user>/AppData/Local/Temp/pytest-of-<user>/pytest-1795/test_single_fault_is_rejected_10')
code = 'evidence_claims'

    @pytest.mark.parametrize("code", sorted(FAULTS))
    def test_single_fault_is_rejected_with_its_reason(pair, tmp_path, code):
        b = copy.deepcopy(pair)
        FAULTS[code](b)
        totals, report = run_rc(b, tmp_path)
        assert totals["verified"] is False and totals["failures"] > 0, code
>       assert code in reasons(report), (code, sorted(reasons(report)))
E       AssertionError: ('evidence_claims', ['bundle_schema'])
E       assert 'evidence_claims' in {'bundle_schema'}
E        +  where {'bundle_schema'} = reasons({'bundle_failures': [{'code': 'bundle_schema', 'detail': "schema 'two_rim.ideal.recheck_bundle/1'; binding to source/c...10-10.0.26200-SP0', 'python': '3.11.9 (tags/v3.11.9:de54cf5, Apr  2 2024, 10:12:12) [MSC v.1938 64 bit (AMD64)]'}, ...})

tests\two_rim_ideal_recheck\test_recheck_ideal.py:179: AssertionError
---------------------------- Captured stdout call -----------------------------
{
 "axis_confirmed": 0,
 "axis_rows": 0,
 "coordinates_checked": 0,
 "coordinates_contained": 0,
 "euclidean_bounds_confirmed": 0,
 "expected_pairs": 0,
 "failed_seams": 0,
 "failures": 1,
 "rejected_seams": 0,
 "rows_checked": 0,
 "theorem_s_confirmed": 0,
 "theorem_s_rows": 0,
 "unknown_rows": 0,
 "verified": false,
 "verified_seams": 0,
 "witness_bounds_confirmed": 0,
 "witness_confirmed": 0,
 "witness_rows": 0
}
_______ test_single_fault_is_rejected_with_its_reason[evidence_subject] _______

pair = {'schema': 'two_rim.ideal.recheck_bundle/1', 'label': 'maintained ideal lane: stored states and ideal-checker evidence...vision': 'sha256:9afbe78b6b33ca27d013e475a00c8b073adf92c3bc773628c219ec1b349dde1d', 'checker_version': 1, ...}, ...]}}}
tmp_path = WindowsPath('C:/Users/<user>/AppData/Local/Temp/pytest-of-<user>/pytest-1795/test_single_fault_is_rejected_11')
code = 'evidence_subject'

    @pytest.mark.parametrize("code", sorted(FAULTS))
    def test_single_fault_is_rejected_with_its_reason(pair, tmp_path, code):
        b = copy.deepcopy(pair)
        FAULTS[code](b)
        totals, report = run_rc(b, tmp_path)
        assert totals["verified"] is False and totals["failures"] > 0, code
>       assert code in reasons(report), (code, sorted(reasons(report)))
E       AssertionError: ('evidence_subject', ['bundle_schema'])
E       assert 'evidence_subject' in {'bundle_schema'}
E        +  where {'bundle_schema'} = reasons({'bundle_failures': [{'code': 'bundle_schema', 'detail': "schema 'two_rim.ideal.recheck_bundle/1'; binding to source/c...10-10.0.26200-SP0', 'python': '3.11.9 (tags/v3.11.9:de54cf5, Apr  2 2024, 10:12:12) [MSC v.1938 64 bit (AMD64)]'}, ...})

tests\two_rim_ideal_recheck\test_recheck_ideal.py:179: AssertionError
---------------------------- Captured stdout call -----------------------------
{
 "axis_confirmed": 0,
 "axis_rows": 0,
 "coordinates_checked": 0,
 "coordinates_contained": 0,
 "euclidean_bounds_confirmed": 0,
 "expected_pairs": 0,
 "failed_seams": 0,
 "failures": 1,
 "rejected_seams": 0,
 "rows_checked": 0,
 "theorem_s_confirmed": 0,
 "theorem_s_rows": 0,
 "unknown_rows": 0,
 "verified": false,
 "verified_seams": 0,
 "witness_bounds_confirmed": 0,
 "witness_confirmed": 0,
 "witness_rows": 0
}
_______ test_single_fault_is_rejected_with_its_reason[interval_bounds] ________

pair = {'schema': 'two_rim.ideal.recheck_bundle/1', 'label': 'maintained ideal lane: stored states and ideal-checker evidence...vision': 'sha256:9afbe78b6b33ca27d013e475a00c8b073adf92c3bc773628c219ec1b349dde1d', 'checker_version': 1, ...}, ...]}}}
tmp_path = WindowsPath('C:/Users/<user>/AppData/Local/Temp/pytest-of-<user>/pytest-1795/test_single_fault_is_rejected_12')
code = 'interval_bounds'

    @pytest.mark.parametrize("code", sorted(FAULTS))
    def test_single_fault_is_rejected_with_its_reason(pair, tmp_path, code):
        b = copy.deepcopy(pair)
        FAULTS[code](b)
        totals, report = run_rc(b, tmp_path)
        assert totals["verified"] is False and totals["failures"] > 0, code
>       assert code in reasons(report), (code, sorted(reasons(report)))
E       AssertionError: ('interval_bounds', ['bundle_schema'])
E       assert 'interval_bounds' in {'bundle_schema'}
E        +  where {'bundle_schema'} = reasons({'bundle_failures': [{'code': 'bundle_schema', 'detail': "schema 'two_rim.ideal.recheck_bundle/1'; binding to source/c...10-10.0.26200-SP0', 'python': '3.11.9 (tags/v3.11.9:de54cf5, Apr  2 2024, 10:12:12) [MSC v.1938 64 bit (AMD64)]'}, ...})

tests\two_rim_ideal_recheck\test_recheck_ideal.py:179: AssertionError
---------------------------- Captured stdout call -----------------------------
{
 "axis_confirmed": 0,
 "axis_rows": 0,
 "coordinates_checked": 0,
 "coordinates_contained": 0,
 "euclidean_bounds_confirmed": 0,
 "expected_pairs": 0,
 "failed_seams": 0,
 "failures": 1,
 "rejected_seams": 0,
 "rows_checked": 0,
 "theorem_s_confirmed": 0,
 "theorem_s_rows": 0,
 "unknown_rows": 0,
 "verified": false,
 "verified_seams": 0,
 "witness_bounds_confirmed": 0,
 "witness_confirmed": 0,
 "witness_rows": 0
}
________ test_single_fault_is_rejected_with_its_reason[method_outcome] ________

pair = {'schema': 'two_rim.ideal.recheck_bundle/1', 'label': 'maintained ideal lane: stored states and ideal-checker evidence...vision': 'sha256:9afbe78b6b33ca27d013e475a00c8b073adf92c3bc773628c219ec1b349dde1d', 'checker_version': 1, ...}, ...]}}}
tmp_path = WindowsPath('C:/Users/<user>/AppData/Local/Temp/pytest-of-<user>/pytest-1795/test_single_fault_is_rejected_13')
code = 'method_outcome'

    @pytest.mark.parametrize("code", sorted(FAULTS))
    def test_single_fault_is_rejected_with_its_reason(pair, tmp_path, code):
        b = copy.deepcopy(pair)
        FAULTS[code](b)
        totals, report = run_rc(b, tmp_path)
        assert totals["verified"] is False and totals["failures"] > 0, code
>       assert code in reasons(report), (code, sorted(reasons(report)))
E       AssertionError: ('method_outcome', ['bundle_schema'])
E       assert 'method_outcome' in {'bundle_schema'}
E        +  where {'bundle_schema'} = reasons({'bundle_failures': [{'code': 'bundle_schema', 'detail': "schema 'two_rim.ideal.recheck_bundle/1'; binding to source/c...10-10.0.26200-SP0', 'python': '3.11.9 (tags/v3.11.9:de54cf5, Apr  2 2024, 10:12:12) [MSC v.1938 64 bit (AMD64)]'}, ...})

tests\two_rim_ideal_recheck\test_recheck_ideal.py:179: AssertionError
---------------------------- Captured stdout call -----------------------------
{
 "axis_confirmed": 0,
 "axis_rows": 0,
 "coordinates_checked": 0,
 "coordinates_contained": 0,
 "euclidean_bounds_confirmed": 0,
 "expected_pairs": 0,
 "failed_seams": 0,
 "failures": 1,
 "rejected_seams": 0,
 "rows_checked": 0,
 "theorem_s_confirmed": 0,
 "theorem_s_rows": 0,
 "unknown_rows": 0,
 "verified": false,
 "verified_seams": 0,
 "witness_bounds_confirmed": 0,
 "witness_confirmed": 0,
 "witness_rows": 0
}
_____ test_single_fault_is_rejected_with_its_reason[noncanonical_number] ______

pair = {'schema': 'two_rim.ideal.recheck_bundle/1', 'label': 'maintained ideal lane: stored states and ideal-checker evidence...vision': 'sha256:9afbe78b6b33ca27d013e475a00c8b073adf92c3bc773628c219ec1b349dde1d', 'checker_version': 1, ...}, ...]}}}
tmp_path = WindowsPath('C:/Users/<user>/AppData/Local/Temp/pytest-of-<user>/pytest-1795/test_single_fault_is_rejected_14')
code = 'noncanonical_number'

    @pytest.mark.parametrize("code", sorted(FAULTS))
    def test_single_fault_is_rejected_with_its_reason(pair, tmp_path, code):
        b = copy.deepcopy(pair)
        FAULTS[code](b)
        totals, report = run_rc(b, tmp_path)
        assert totals["verified"] is False and totals["failures"] > 0, code
>       assert code in reasons(report), (code, sorted(reasons(report)))
E       AssertionError: ('noncanonical_number', ['bundle_schema'])
E       assert 'noncanonical_number' in {'bundle_schema'}
E        +  where {'bundle_schema'} = reasons({'bundle_failures': [{'code': 'bundle_schema', 'detail': "schema 'two_rim.ideal.recheck_bundle/1'; binding to source/c...10-10.0.26200-SP0', 'python': '3.11.9 (tags/v3.11.9:de54cf5, Apr  2 2024, 10:12:12) [MSC v.1938 64 bit (AMD64)]'}, ...})

tests\two_rim_ideal_recheck\test_recheck_ideal.py:179: AssertionError
---------------------------- Captured stdout call -----------------------------
{
 "axis_confirmed": 0,
 "axis_rows": 0,
 "coordinates_checked": 0,
 "coordinates_contained": 0,
 "euclidean_bounds_confirmed": 0,
 "expected_pairs": 0,
 "failed_seams": 0,
 "failures": 1,
 "rejected_seams": 0,
 "rows_checked": 0,
 "theorem_s_confirmed": 0,
 "theorem_s_rows": 0,
 "unknown_rows": 0,
 "verified": false,
 "verified_seams": 0,
 "witness_bounds_confirmed": 0,
 "witness_confirmed": 0,
 "witness_rows": 0
}
________ test_single_fault_is_rejected_with_its_reason[pair_coverage] _________

pair = {'schema': 'two_rim.ideal.recheck_bundle/1', 'label': 'maintained ideal lane: stored states and ideal-checker evidence...vision': 'sha256:9afbe78b6b33ca27d013e475a00c8b073adf92c3bc773628c219ec1b349dde1d', 'checker_version': 1, ...}, ...]}}}
tmp_path = WindowsPath('C:/Users/<user>/AppData/Local/Temp/pytest-of-<user>/pytest-1795/test_single_fault_is_rejected_15')
code = 'pair_coverage'

    @pytest.mark.parametrize("code", sorted(FAULTS))
    def test_single_fault_is_rejected_with_its_reason(pair, tmp_path, code):
        b = copy.deepcopy(pair)
        FAULTS[code](b)
        totals, report = run_rc(b, tmp_path)
        assert totals["verified"] is False and totals["failures"] > 0, code
>       assert code in reasons(report), (code, sorted(reasons(report)))
E       AssertionError: ('pair_coverage', ['bundle_schema'])
E       assert 'pair_coverage' in {'bundle_schema'}
E        +  where {'bundle_schema'} = reasons({'bundle_failures': [{'code': 'bundle_schema', 'detail': "schema 'two_rim.ideal.recheck_bundle/1'; binding to source/c...10-10.0.26200-SP0', 'python': '3.11.9 (tags/v3.11.9:de54cf5, Apr  2 2024, 10:12:12) [MSC v.1938 64 bit (AMD64)]'}, ...})

tests\two_rim_ideal_recheck\test_recheck_ideal.py:179: AssertionError
---------------------------- Captured stdout call -----------------------------
{
 "axis_confirmed": 0,
 "axis_rows": 0,
 "coordinates_checked": 0,
 "coordinates_contained": 0,
 "euclidean_bounds_confirmed": 0,
 "expected_pairs": 0,
 "failed_seams": 0,
 "failures": 1,
 "rejected_seams": 0,
 "rows_checked": 0,
 "theorem_s_confirmed": 0,
 "theorem_s_rows": 0,
 "unknown_rows": 0,
 "verified": false,
 "verified_seams": 0,
 "witness_bounds_confirmed": 0,
 "witness_confirmed": 0,
 "witness_rows": 0
}
________ test_single_fault_is_rejected_with_its_reason[pair_duplicate] ________

pair = {'schema': 'two_rim.ideal.recheck_bundle/1', 'label': 'maintained ideal lane: stored states and ideal-checker evidence...vision': 'sha256:9afbe78b6b33ca27d013e475a00c8b073adf92c3bc773628c219ec1b349dde1d', 'checker_version': 1, ...}, ...]}}}
tmp_path = WindowsPath('C:/Users/<user>/AppData/Local/Temp/pytest-of-<user>/pytest-1795/test_single_fault_is_rejected_16')
code = 'pair_duplicate'

    @pytest.mark.parametrize("code", sorted(FAULTS))
    def test_single_fault_is_rejected_with_its_reason(pair, tmp_path, code):
        b = copy.deepcopy(pair)
        FAULTS[code](b)
        totals, report = run_rc(b, tmp_path)
        assert totals["verified"] is False and totals["failures"] > 0, code
>       assert code in reasons(report), (code, sorted(reasons(report)))
E       AssertionError: ('pair_duplicate', ['bundle_schema'])
E       assert 'pair_duplicate' in {'bundle_schema'}
E        +  where {'bundle_schema'} = reasons({'bundle_failures': [{'code': 'bundle_schema', 'detail': "schema 'two_rim.ideal.recheck_bundle/1'; binding to source/c...10-10.0.26200-SP0', 'python': '3.11.9 (tags/v3.11.9:de54cf5, Apr  2 2024, 10:12:12) [MSC v.1938 64 bit (AMD64)]'}, ...})

tests\two_rim_ideal_recheck\test_recheck_ideal.py:179: AssertionError
---------------------------- Captured stdout call -----------------------------
{
 "axis_confirmed": 0,
 "axis_rows": 0,
 "coordinates_checked": 0,
 "coordinates_contained": 0,
 "euclidean_bounds_confirmed": 0,
 "expected_pairs": 0,
 "failed_seams": 0,
 "failures": 1,
 "rejected_seams": 0,
 "rows_checked": 0,
 "theorem_s_confirmed": 0,
 "theorem_s_rows": 0,
 "unknown_rows": 0,
 "verified": false,
 "verified_seams": 0,
 "witness_bounds_confirmed": 0,
 "witness_confirmed": 0,
 "witness_rows": 0
}
___________ test_single_fault_is_rejected_with_its_reason[pair_ids] ___________

pair = {'schema': 'two_rim.ideal.recheck_bundle/1', 'label': 'maintained ideal lane: stored states and ideal-checker evidence...vision': 'sha256:9afbe78b6b33ca27d013e475a00c8b073adf92c3bc773628c219ec1b349dde1d', 'checker_version': 1, ...}, ...]}}}
tmp_path = WindowsPath('C:/Users/<user>/AppData/Local/Temp/pytest-of-<user>/pytest-1795/test_single_fault_is_rejected_17')
code = 'pair_ids'

    @pytest.mark.parametrize("code", sorted(FAULTS))
    def test_single_fault_is_rejected_with_its_reason(pair, tmp_path, code):
        b = copy.deepcopy(pair)
        FAULTS[code](b)
        totals, report = run_rc(b, tmp_path)
        assert totals["verified"] is False and totals["failures"] > 0, code
>       assert code in reasons(report), (code, sorted(reasons(report)))
E       AssertionError: ('pair_ids', ['bundle_schema'])
E       assert 'pair_ids' in {'bundle_schema'}
E        +  where {'bundle_schema'} = reasons({'bundle_failures': [{'code': 'bundle_schema', 'detail': "schema 'two_rim.ideal.recheck_bundle/1'; binding to source/c...10-10.0.26200-SP0', 'python': '3.11.9 (tags/v3.11.9:de54cf5, Apr  2 2024, 10:12:12) [MSC v.1938 64 bit (AMD64)]'}, ...})

tests\two_rim_ideal_recheck\test_recheck_ideal.py:179: AssertionError
---------------------------- Captured stdout call -----------------------------
{
 "axis_confirmed": 0,
 "axis_rows": 0,
 "coordinates_checked": 0,
 "coordinates_contained": 0,
 "euclidean_bounds_confirmed": 0,
 "expected_pairs": 0,
 "failed_seams": 0,
 "failures": 1,
 "rejected_seams": 0,
 "rows_checked": 0,
 "theorem_s_confirmed": 0,
 "theorem_s_rows": 0,
 "unknown_rows": 0,
 "verified": false,
 "verified_seams": 0,
 "witness_bounds_confirmed": 0,
 "witness_confirmed": 0,
 "witness_rows": 0
}
__________ test_single_fault_is_rejected_with_its_reason[pair_order] __________

pair = {'schema': 'two_rim.ideal.recheck_bundle/1', 'label': 'maintained ideal lane: stored states and ideal-checker evidence...vision': 'sha256:9afbe78b6b33ca27d013e475a00c8b073adf92c3bc773628c219ec1b349dde1d', 'checker_version': 1, ...}, ...]}}}
tmp_path = WindowsPath('C:/Users/<user>/AppData/Local/Temp/pytest-of-<user>/pytest-1795/test_single_fault_is_rejected_18')
code = 'pair_order'

    @pytest.mark.parametrize("code", sorted(FAULTS))
    def test_single_fault_is_rejected_with_its_reason(pair, tmp_path, code):
        b = copy.deepcopy(pair)
        FAULTS[code](b)
        totals, report = run_rc(b, tmp_path)
        assert totals["verified"] is False and totals["failures"] > 0, code
>       assert code in reasons(report), (code, sorted(reasons(report)))
E       AssertionError: ('pair_order', ['bundle_schema'])
E       assert 'pair_order' in {'bundle_schema'}
E        +  where {'bundle_schema'} = reasons({'bundle_failures': [{'code': 'bundle_schema', 'detail': "schema 'two_rim.ideal.recheck_bundle/1'; binding to source/c...10-10.0.26200-SP0', 'python': '3.11.9 (tags/v3.11.9:de54cf5, Apr  2 2024, 10:12:12) [MSC v.1938 64 bit (AMD64)]'}, ...})

tests\two_rim_ideal_recheck\test_recheck_ideal.py:179: AssertionError
---------------------------- Captured stdout call -----------------------------
{
 "axis_confirmed": 0,
 "axis_rows": 0,
 "coordinates_checked": 0,
 "coordinates_contained": 0,
 "euclidean_bounds_confirmed": 0,
 "expected_pairs": 0,
 "failed_seams": 0,
 "failures": 1,
 "rejected_seams": 0,
 "rows_checked": 0,
 "theorem_s_confirmed": 0,
 "theorem_s_rows": 0,
 "unknown_rows": 0,
 "verified": false,
 "verified_seams": 0,
 "witness_bounds_confirmed": 0,
 "witness_confirmed": 0,
 "witness_rows": 0
}
__________ test_single_fault_is_rejected_with_its_reason[positions] ___________

pair = {'schema': 'two_rim.ideal.recheck_bundle/1', 'label': 'maintained ideal lane: stored states and ideal-checker evidence...vision': 'sha256:9afbe78b6b33ca27d013e475a00c8b073adf92c3bc773628c219ec1b349dde1d', 'checker_version': 1, ...}, ...]}}}
tmp_path = WindowsPath('C:/Users/<user>/AppData/Local/Temp/pytest-of-<user>/pytest-1795/test_single_fault_is_rejected_19')
code = 'positions'

    @pytest.mark.parametrize("code", sorted(FAULTS))
    def test_single_fault_is_rejected_with_its_reason(pair, tmp_path, code):
        b = copy.deepcopy(pair)
        FAULTS[code](b)
        totals, report = run_rc(b, tmp_path)
        assert totals["verified"] is False and totals["failures"] > 0, code
>       assert code in reasons(report), (code, sorted(reasons(report)))
E       AssertionError: ('positions', ['bundle_schema'])
E       assert 'positions' in {'bundle_schema'}
E        +  where {'bundle_schema'} = reasons({'bundle_failures': [{'code': 'bundle_schema', 'detail': "schema 'two_rim.ideal.recheck_bundle/1'; binding to source/c...10-10.0.26200-SP0', 'python': '3.11.9 (tags/v3.11.9:de54cf5, Apr  2 2024, 10:12:12) [MSC v.1938 64 bit (AMD64)]'}, ...})

tests\two_rim_ideal_recheck\test_recheck_ideal.py:179: AssertionError
---------------------------- Captured stdout call -----------------------------
{
 "axis_confirmed": 0,
 "axis_rows": 0,
 "coordinates_checked": 0,
 "coordinates_contained": 0,
 "euclidean_bounds_confirmed": 0,
 "expected_pairs": 0,
 "failed_seams": 0,
 "failures": 1,
 "rejected_seams": 0,
 "rows_checked": 0,
 "theorem_s_confirmed": 0,
 "theorem_s_rows": 0,
 "unknown_rows": 0,
 "verified": false,
 "verified_seams": 0,
 "witness_bounds_confirmed": 0,
 "witness_confirmed": 0,
 "witness_rows": 0
}
_____ test_single_fault_is_rejected_with_its_reason[shared_hinge_record] ______

pair = {'schema': 'two_rim.ideal.recheck_bundle/1', 'label': 'maintained ideal lane: stored states and ideal-checker evidence...vision': 'sha256:9afbe78b6b33ca27d013e475a00c8b073adf92c3bc773628c219ec1b349dde1d', 'checker_version': 1, ...}, ...]}}}
tmp_path = WindowsPath('C:/Users/<user>/AppData/Local/Temp/pytest-of-<user>/pytest-1795/test_single_fault_is_rejected_20')
code = 'shared_hinge_record'

    @pytest.mark.parametrize("code", sorted(FAULTS))
    def test_single_fault_is_rejected_with_its_reason(pair, tmp_path, code):
        b = copy.deepcopy(pair)
        FAULTS[code](b)
        totals, report = run_rc(b, tmp_path)
        assert totals["verified"] is False and totals["failures"] > 0, code
>       assert code in reasons(report), (code, sorted(reasons(report)))
E       AssertionError: ('shared_hinge_record', ['bundle_schema'])
E       assert 'shared_hinge_record' in {'bundle_schema'}
E        +  where {'bundle_schema'} = reasons({'bundle_failures': [{'code': 'bundle_schema', 'detail': "schema 'two_rim.ideal.recheck_bundle/1'; binding to source/c...10-10.0.26200-SP0', 'python': '3.11.9 (tags/v3.11.9:de54cf5, Apr  2 2024, 10:12:12) [MSC v.1938 64 bit (AMD64)]'}, ...})

tests\two_rim_ideal_recheck\test_recheck_ideal.py:179: AssertionError
---------------------------- Captured stdout call -----------------------------
{
 "axis_confirmed": 0,
 "axis_rows": 0,
 "coordinates_checked": 0,
 "coordinates_contained": 0,
 "euclidean_bounds_confirmed": 0,
 "expected_pairs": 0,
 "failed_seams": 0,
 "failures": 1,
 "rejected_seams": 0,
 "rows_checked": 0,
 "theorem_s_confirmed": 0,
 "theorem_s_rows": 0,
 "unknown_rows": 0,
 "verified": false,
 "verified_seams": 0,
 "witness_bounds_confirmed": 0,
 "witness_confirmed": 0,
 "witness_rows": 0
}
__________ test_single_fault_is_rejected_with_its_reason[state_hash] __________

pair = {'schema': 'two_rim.ideal.recheck_bundle/1', 'label': 'maintained ideal lane: stored states and ideal-checker evidence...vision': 'sha256:9afbe78b6b33ca27d013e475a00c8b073adf92c3bc773628c219ec1b349dde1d', 'checker_version': 1, ...}, ...]}}}
tmp_path = WindowsPath('C:/Users/<user>/AppData/Local/Temp/pytest-of-<user>/pytest-1795/test_single_fault_is_rejected_21')
code = 'state_hash'

    @pytest.mark.parametrize("code", sorted(FAULTS))
    def test_single_fault_is_rejected_with_its_reason(pair, tmp_path, code):
        b = copy.deepcopy(pair)
        FAULTS[code](b)
        totals, report = run_rc(b, tmp_path)
        assert totals["verified"] is False and totals["failures"] > 0, code
>       assert code in reasons(report), (code, sorted(reasons(report)))
E       AssertionError: ('state_hash', ['bundle_schema'])
E       assert 'state_hash' in {'bundle_schema'}
E        +  where {'bundle_schema'} = reasons({'bundle_failures': [{'code': 'bundle_schema', 'detail': "schema 'two_rim.ideal.recheck_bundle/1'; binding to source/c...10-10.0.26200-SP0', 'python': '3.11.9 (tags/v3.11.9:de54cf5, Apr  2 2024, 10:12:12) [MSC v.1938 64 bit (AMD64)]'}, ...})

tests\two_rim_ideal_recheck\test_recheck_ideal.py:179: AssertionError
---------------------------- Captured stdout call -----------------------------
{
 "axis_confirmed": 0,
 "axis_rows": 0,
 "coordinates_checked": 0,
 "coordinates_contained": 0,
 "euclidean_bounds_confirmed": 0,
 "expected_pairs": 0,
 "failed_seams": 0,
 "failures": 1,
 "rejected_seams": 0,
 "rows_checked": 0,
 "theorem_s_confirmed": 0,
 "theorem_s_rows": 0,
 "unknown_rows": 0,
 "verified": false,
 "verified_seams": 0,
 "witness_bounds_confirmed": 0,
 "witness_confirmed": 0,
 "witness_rows": 0
}
______ test_single_fault_is_rejected_with_its_reason[unrecognized_field] ______

pair = {'schema': 'two_rim.ideal.recheck_bundle/1', 'label': 'maintained ideal lane: stored states and ideal-checker evidence...vision': 'sha256:9afbe78b6b33ca27d013e475a00c8b073adf92c3bc773628c219ec1b349dde1d', 'checker_version': 1, ...}, ...]}}}
tmp_path = WindowsPath('C:/Users/<user>/AppData/Local/Temp/pytest-of-<user>/pytest-1795/test_single_fault_is_rejected_22')
code = 'unrecognized_field'

    @pytest.mark.parametrize("code", sorted(FAULTS))
    def test_single_fault_is_rejected_with_its_reason(pair, tmp_path, code):
        b = copy.deepcopy(pair)
        FAULTS[code](b)
        totals, report = run_rc(b, tmp_path)
        assert totals["verified"] is False and totals["failures"] > 0, code
>       assert code in reasons(report), (code, sorted(reasons(report)))
E       AssertionError: ('unrecognized_field', ['bundle_schema'])
E       assert 'unrecognized_field' in {'bundle_schema'}
E        +  where {'bundle_schema'} = reasons({'bundle_failures': [{'code': 'bundle_schema', 'detail': "schema 'two_rim.ideal.recheck_bundle/1'; binding to source/c...10-10.0.26200-SP0', 'python': '3.11.9 (tags/v3.11.9:de54cf5, Apr  2 2024, 10:12:12) [MSC v.1938 64 bit (AMD64)]'}, ...})

tests\two_rim_ideal_recheck\test_recheck_ideal.py:179: AssertionError
---------------------------- Captured stdout call -----------------------------
{
 "axis_confirmed": 0,
 "axis_rows": 0,
 "coordinates_checked": 0,
 "coordinates_contained": 0,
 "euclidean_bounds_confirmed": 0,
 "expected_pairs": 0,
 "failed_seams": 0,
 "failures": 1,
 "rejected_seams": 0,
 "rows_checked": 0,
 "theorem_s_confirmed": 0,
 "theorem_s_rows": 0,
 "unknown_rows": 0,
 "verified": false,
 "verified_seams": 0,
 "witness_bounds_confirmed": 0,
 "witness_confirmed": 0,
 "witness_rows": 0
}
___________ test_single_fault_is_rejected_with_its_reason[verdict] ____________

pair = {'schema': 'two_rim.ideal.recheck_bundle/1', 'label': 'maintained ideal lane: stored states and ideal-checker evidence...vision': 'sha256:9afbe78b6b33ca27d013e475a00c8b073adf92c3bc773628c219ec1b349dde1d', 'checker_version': 1, ...}, ...]}}}
tmp_path = WindowsPath('C:/Users/<user>/AppData/Local/Temp/pytest-of-<user>/pytest-1795/test_single_fault_is_rejected_23')
code = 'verdict'

    @pytest.mark.parametrize("code", sorted(FAULTS))
    def test_single_fault_is_rejected_with_its_reason(pair, tmp_path, code):
        b = copy.deepcopy(pair)
        FAULTS[code](b)
        totals, report = run_rc(b, tmp_path)
        assert totals["verified"] is False and totals["failures"] > 0, code
>       assert code in reasons(report), (code, sorted(reasons(report)))
E       AssertionError: ('verdict', ['bundle_schema'])
E       assert 'verdict' in {'bundle_schema'}
E        +  where {'bundle_schema'} = reasons({'bundle_failures': [{'code': 'bundle_schema', 'detail': "schema 'two_rim.ideal.recheck_bundle/1'; binding to source/c...10-10.0.26200-SP0', 'python': '3.11.9 (tags/v3.11.9:de54cf5, Apr  2 2024, 10:12:12) [MSC v.1938 64 bit (AMD64)]'}, ...})

tests\two_rim_ideal_recheck\test_recheck_ideal.py:179: AssertionError
---------------------------- Captured stdout call -----------------------------
{
 "axis_confirmed": 0,
 "axis_rows": 0,
 "coordinates_checked": 0,
 "coordinates_contained": 0,
 "euclidean_bounds_confirmed": 0,
 "expected_pairs": 0,
 "failed_seams": 0,
 "failures": 1,
 "rejected_seams": 0,
 "rows_checked": 0,
 "theorem_s_confirmed": 0,
 "theorem_s_rows": 0,
 "unknown_rows": 0,
 "verified": false,
 "verified_seams": 0,
 "witness_bounds_confirmed": 0,
 "witness_confirmed": 0,
 "witness_rows": 0
}
________ test_single_fault_is_rejected_with_its_reason[witness_bound] _________

pair = {'schema': 'two_rim.ideal.recheck_bundle/1', 'label': 'maintained ideal lane: stored states and ideal-checker evidence...vision': 'sha256:9afbe78b6b33ca27d013e475a00c8b073adf92c3bc773628c219ec1b349dde1d', 'checker_version': 1, ...}, ...]}}}
tmp_path = WindowsPath('C:/Users/<user>/AppData/Local/Temp/pytest-of-<user>/pytest-1795/test_single_fault_is_rejected_24')
code = 'witness_bound'

    @pytest.mark.parametrize("code", sorted(FAULTS))
    def test_single_fault_is_rejected_with_its_reason(pair, tmp_path, code):
        b = copy.deepcopy(pair)
        FAULTS[code](b)
        totals, report = run_rc(b, tmp_path)
        assert totals["verified"] is False and totals["failures"] > 0, code
>       assert code in reasons(report), (code, sorted(reasons(report)))
E       AssertionError: ('witness_bound', ['bundle_schema'])
E       assert 'witness_bound' in {'bundle_schema'}
E        +  where {'bundle_schema'} = reasons({'bundle_failures': [{'code': 'bundle_schema', 'detail': "schema 'two_rim.ideal.recheck_bundle/1'; binding to source/c...10-10.0.26200-SP0', 'python': '3.11.9 (tags/v3.11.9:de54cf5, Apr  2 2024, 10:12:12) [MSC v.1938 64 bit (AMD64)]'}, ...})

tests\two_rim_ideal_recheck\test_recheck_ideal.py:179: AssertionError
---------------------------- Captured stdout call -----------------------------
{
 "axis_confirmed": 0,
 "axis_rows": 0,
 "coordinates_checked": 0,
 "coordinates_contained": 0,
 "euclidean_bounds_confirmed": 0,
 "expected_pairs": 0,
 "failed_seams": 0,
 "failures": 1,
 "rejected_seams": 0,
 "rows_checked": 0,
 "theorem_s_confirmed": 0,
 "theorem_s_rows": 0,
 "unknown_rows": 0,
 "verified": false,
 "verified_seams": 0,
 "witness_bounds_confirmed": 0,
 "witness_confirmed": 0,
 "witness_rows": 0
}
_________________ test_the_prototype_bundle_format_is_refused _________________

tmp_path = WindowsPath('C:/Users/<user>/AppData/Local/Temp/pytest-of-<user>/pytest-1795/test_the_prototype_bundle_form0')

    def test_the_prototype_bundle_format_is_refused(tmp_path):
        totals, report = run_rc({"schema": "stage4a.recheck_bundle/2", "states": {}, "seams": {"E4": {}}}, tmp_path)
>       assert totals["verified"] is False and reasons(report) == {"bundle_schema"}
E       AssertionError: assert (False is False and {'subject_spec'} == {'bundle_schema'}
E         
E         Extra items in the left set:
E         'subject_spec'
E         Extra items in the right set:
E         'bundle_schema'
E         Use -v to get more diff)

tests\two_rim_ideal_recheck\test_recheck_ideal.py:184: AssertionError
---------------------------- Captured stdout call -----------------------------
{
 "axis_confirmed": 0,
 "axis_rows": 0,
 "coordinates_checked": 0,
 "coordinates_contained": 0,
 "euclidean_bounds_confirmed": 0,
 "expected_pairs": 0,
 "failed_seams": 0,
 "failures": 1,
 "rejected_seams": 1,
 "rows_checked": 0,
 "theorem_s_confirmed": 0,
 "theorem_s_rows": 0,
 "unknown_rows": 0,
 "verified": false,
 "verified_seams": 0,
 "witness_bounds_confirmed": 0,
 "witness_confirmed": 0,
 "witness_rows": 0
}
_ test_rehashed_record_faults_are_rejected_at_binding[subject_constants-kw0] __

pair = {'schema': 'two_rim.ideal.recheck_bundle/1', 'label': 'maintained ideal lane: stored states and ideal-checker evidence...vision': 'sha256:9afbe78b6b33ca27d013e475a00c8b073adf92c3bc773628c219ec1b349dde1d', 'checker_version': 1, ...}, ...]}}}
tmp_path = WindowsPath('C:/Users/<user>/AppData/Local/Temp/pytest-of-<user>/pytest-1795/test_rehashed_record_faults_ar0')
code = 'subject_constants'
kw = {'ideal': <function _set.<locals>.<lambda> at 0x00000254FFE47060>}

    @pytest.mark.parametrize("code, kw", [
        ("subject_constants", {"ideal": _set("normalization", "N1: centroid at the origin")}),
        ("delta_domain", {"ideal": _set("delta", "3/4")}),
        ("cut_copy", {"ideal": lambda p: p["cut"].update(seam="E5")}),
        ("parent_link", {"ideal_parent_is_material": True}),
    ])
    def test_rehashed_record_faults_are_rejected_at_binding(pair, tmp_path, code, kw):
        totals, report = run_rc(rebind(pair, "E4", **kw), tmp_path)
>       assert totals["verified"] is False and code in reasons(report), (code, sorted(reasons(report)))
E       AssertionError: ('subject_constants', ['bundle_schema'])
E       assert (False is False and 'subject_constants' in {'bundle_schema'})
E        +  where {'bundle_schema'} = reasons({'bundle_failures': [{'code': 'bundle_schema', 'detail': "schema 'two_rim.ideal.recheck_bundle/1'; binding to source/c...10-10.0.26200-SP0', 'python': '3.11.9 (tags/v3.11.9:de54cf5, Apr  2 2024, 10:12:12) [MSC v.1938 64 bit (AMD64)]'}, ...})

tests\two_rim_ideal_recheck\test_recheck_ideal.py:238: AssertionError
---------------------------- Captured stdout call -----------------------------
{
 "axis_confirmed": 0,
 "axis_rows": 0,
 "coordinates_checked": 0,
 "coordinates_contained": 0,
 "euclidean_bounds_confirmed": 0,
 "expected_pairs": 0,
 "failed_seams": 0,
 "failures": 1,
 "rejected_seams": 0,
 "rows_checked": 0,
 "theorem_s_confirmed": 0,
 "theorem_s_rows": 0,
 "unknown_rows": 0,
 "verified": false,
 "verified_seams": 0,
 "witness_bounds_confirmed": 0,
 "witness_confirmed": 0,
 "witness_rows": 0
}
____ test_rehashed_record_faults_are_rejected_at_binding[delta_domain-kw1] ____

pair = {'schema': 'two_rim.ideal.recheck_bundle/1', 'label': 'maintained ideal lane: stored states and ideal-checker evidence...vision': 'sha256:9afbe78b6b33ca27d013e475a00c8b073adf92c3bc773628c219ec1b349dde1d', 'checker_version': 1, ...}, ...]}}}
tmp_path = WindowsPath('C:/Users/<user>/AppData/Local/Temp/pytest-of-<user>/pytest-1795/test_rehashed_record_faults_ar1')
code = 'delta_domain'
kw = {'ideal': <function _set.<locals>.<lambda> at 0x00000254FFE47100>}

    @pytest.mark.parametrize("code, kw", [
        ("subject_constants", {"ideal": _set("normalization", "N1: centroid at the origin")}),
        ("delta_domain", {"ideal": _set("delta", "3/4")}),
        ("cut_copy", {"ideal": lambda p: p["cut"].update(seam="E5")}),
        ("parent_link", {"ideal_parent_is_material": True}),
    ])
    def test_rehashed_record_faults_are_rejected_at_binding(pair, tmp_path, code, kw):
        totals, report = run_rc(rebind(pair, "E4", **kw), tmp_path)
>       assert totals["verified"] is False and code in reasons(report), (code, sorted(reasons(report)))
E       AssertionError: ('delta_domain', ['bundle_schema'])
E       assert (False is False and 'delta_domain' in {'bundle_schema'})
E        +  where {'bundle_schema'} = reasons({'bundle_failures': [{'code': 'bundle_schema', 'detail': "schema 'two_rim.ideal.recheck_bundle/1'; binding to source/c...10-10.0.26200-SP0', 'python': '3.11.9 (tags/v3.11.9:de54cf5, Apr  2 2024, 10:12:12) [MSC v.1938 64 bit (AMD64)]'}, ...})

tests\two_rim_ideal_recheck\test_recheck_ideal.py:238: AssertionError
---------------------------- Captured stdout call -----------------------------
{
 "axis_confirmed": 0,
 "axis_rows": 0,
 "coordinates_checked": 0,
 "coordinates_contained": 0,
 "euclidean_bounds_confirmed": 0,
 "expected_pairs": 0,
 "failed_seams": 0,
 "failures": 1,
 "rejected_seams": 0,
 "rows_checked": 0,
 "theorem_s_confirmed": 0,
 "theorem_s_rows": 0,
 "unknown_rows": 0,
 "verified": false,
 "verified_seams": 0,
 "witness_bounds_confirmed": 0,
 "witness_confirmed": 0,
 "witness_rows": 0
}
______ test_rehashed_record_faults_are_rejected_at_binding[cut_copy-kw2] ______

pair = {'schema': 'two_rim.ideal.recheck_bundle/1', 'label': 'maintained ideal lane: stored states and ideal-checker evidence...vision': 'sha256:9afbe78b6b33ca27d013e475a00c8b073adf92c3bc773628c219ec1b349dde1d', 'checker_version': 1, ...}, ...]}}}
tmp_path = WindowsPath('C:/Users/<user>/AppData/Local/Temp/pytest-of-<user>/pytest-1795/test_rehashed_record_faults_ar2')
code = 'cut_copy', kw = {'ideal': <function <lambda> at 0x00000254FFE471A0>}

    @pytest.mark.parametrize("code, kw", [
        ("subject_constants", {"ideal": _set("normalization", "N1: centroid at the origin")}),
        ("delta_domain", {"ideal": _set("delta", "3/4")}),
        ("cut_copy", {"ideal": lambda p: p["cut"].update(seam="E5")}),
        ("parent_link", {"ideal_parent_is_material": True}),
    ])
    def test_rehashed_record_faults_are_rejected_at_binding(pair, tmp_path, code, kw):
        totals, report = run_rc(rebind(pair, "E4", **kw), tmp_path)
>       assert totals["verified"] is False and code in reasons(report), (code, sorted(reasons(report)))
E       AssertionError: ('cut_copy', ['bundle_schema'])
E       assert (False is False and 'cut_copy' in {'bundle_schema'})
E        +  where {'bundle_schema'} = reasons({'bundle_failures': [{'code': 'bundle_schema', 'detail': "schema 'two_rim.ideal.recheck_bundle/1'; binding to source/c...10-10.0.26200-SP0', 'python': '3.11.9 (tags/v3.11.9:de54cf5, Apr  2 2024, 10:12:12) [MSC v.1938 64 bit (AMD64)]'}, ...})

tests\two_rim_ideal_recheck\test_recheck_ideal.py:238: AssertionError
---------------------------- Captured stdout call -----------------------------
{
 "axis_confirmed": 0,
 "axis_rows": 0,
 "coordinates_checked": 0,
 "coordinates_contained": 0,
 "euclidean_bounds_confirmed": 0,
 "expected_pairs": 0,
 "failed_seams": 0,
 "failures": 1,
 "rejected_seams": 0,
 "rows_checked": 0,
 "theorem_s_confirmed": 0,
 "theorem_s_rows": 0,
 "unknown_rows": 0,
 "verified": false,
 "verified_seams": 0,
 "witness_bounds_confirmed": 0,
 "witness_confirmed": 0,
 "witness_rows": 0
}
____ test_rehashed_record_faults_are_rejected_at_binding[parent_link-kw3] _____

pair = {'schema': 'two_rim.ideal.recheck_bundle/1', 'label': 'maintained ideal lane: stored states and ideal-checker evidence...vision': 'sha256:9afbe78b6b33ca27d013e475a00c8b073adf92c3bc773628c219ec1b349dde1d', 'checker_version': 1, ...}, ...]}}}
tmp_path = WindowsPath('C:/Users/<user>/AppData/Local/Temp/pytest-of-<user>/pytest-1795/test_rehashed_record_faults_ar3')
code = 'parent_link', kw = {'ideal_parent_is_material': True}

    @pytest.mark.parametrize("code, kw", [
        ("subject_constants", {"ideal": _set("normalization", "N1: centroid at the origin")}),
        ("delta_domain", {"ideal": _set("delta", "3/4")}),
        ("cut_copy", {"ideal": lambda p: p["cut"].update(seam="E5")}),
        ("parent_link", {"ideal_parent_is_material": True}),
    ])
    def test_rehashed_record_faults_are_rejected_at_binding(pair, tmp_path, code, kw):
        totals, report = run_rc(rebind(pair, "E4", **kw), tmp_path)
>       assert totals["verified"] is False and code in reasons(report), (code, sorted(reasons(report)))
E       AssertionError: ('parent_link', ['bundle_schema'])
E       assert (False is False and 'parent_link' in {'bundle_schema'})
E        +  where {'bundle_schema'} = reasons({'bundle_failures': [{'code': 'bundle_schema', 'detail': "schema 'two_rim.ideal.recheck_bundle/1'; binding to source/c...10-10.0.26200-SP0', 'python': '3.11.9 (tags/v3.11.9:de54cf5, Apr  2 2024, 10:12:12) [MSC v.1938 64 bit (AMD64)]'}, ...})

tests\two_rim_ideal_recheck\test_recheck_ideal.py:238: AssertionError
---------------------------- Captured stdout call -----------------------------
{
 "axis_confirmed": 0,
 "axis_rows": 0,
 "coordinates_checked": 0,
 "coordinates_contained": 0,
 "euclidean_bounds_confirmed": 0,
 "expected_pairs": 0,
 "failed_seams": 0,
 "failures": 1,
 "rejected_seams": 0,
 "rows_checked": 0,
 "theorem_s_confirmed": 0,
 "theorem_s_rows": 0,
 "unknown_rows": 0,
 "verified": false,
 "verified_seams": 0,
 "witness_bounds_confirmed": 0,
 "witness_confirmed": 0,
 "witness_rows": 0
}
_ test_rehashed_bad_geometry_is_rejected_before_any_geometry[hinge_degenerate] _

pair = {'schema': 'two_rim.ideal.recheck_bundle/1', 'label': 'maintained ideal lane: stored states and ideal-checker evidence...vision': 'sha256:9afbe78b6b33ca27d013e475a00c8b073adf92c3bc773628c219ec1b349dde1d', 'checker_version': 1, ...}, ...]}}}
tmp_path = WindowsPath('C:/Users/<user>/AppData/Local/Temp/pytest-of-<user>/pytest-1795/test_rehashed_bad_geometry_is_0')
code = 'hinge_degenerate'

    @pytest.mark.parametrize("code", sorted(R02))
    def test_rehashed_bad_geometry_is_rejected_before_any_geometry(pair, tmp_path, code):
        totals, report = run_rc(rebind(pair, "E9", material=R02[code]), tmp_path)
>       assert totals["verified"] is False and report["seams"]["E9"]["status"] == "rejected", code
                                               ^^^^^^^^^^^^^^^^^^^^^
E       KeyError: 'E9'

tests\two_rim_ideal_recheck\test_recheck_ideal.py:279: KeyError
---------------------------- Captured stdout call -----------------------------
{
 "axis_confirmed": 0,
 "axis_rows": 0,
 "coordinates_checked": 0,
 "coordinates_contained": 0,
 "euclidean_bounds_confirmed": 0,
 "expected_pairs": 0,
 "failed_seams": 0,
 "failures": 1,
 "rejected_seams": 0,
 "rows_checked": 0,
 "theorem_s_confirmed": 0,
 "theorem_s_rows": 0,
 "unknown_rows": 0,
 "verified": false,
 "verified_seams": 0,
 "witness_bounds_confirmed": 0,
 "witness_confirmed": 0,
 "witness_rows": 0
}
_ test_rehashed_bad_geometry_is_rejected_before_any_geometry[identity_ambiguous] _

pair = {'schema': 'two_rim.ideal.recheck_bundle/1', 'label': 'maintained ideal lane: stored states and ideal-checker evidence...vision': 'sha256:9afbe78b6b33ca27d013e475a00c8b073adf92c3bc773628c219ec1b349dde1d', 'checker_version': 1, ...}, ...]}}}
tmp_path = WindowsPath('C:/Users/<user>/AppData/Local/Temp/pytest-of-<user>/pytest-1795/test_rehashed_bad_geometry_is_1')
code = 'identity_ambiguous'

    @pytest.mark.parametrize("code", sorted(R02))
    def test_rehashed_bad_geometry_is_rejected_before_any_geometry(pair, tmp_path, code):
        totals, report = run_rc(rebind(pair, "E9", material=R02[code]), tmp_path)
>       assert totals["verified"] is False and report["seams"]["E9"]["status"] == "rejected", code
                                               ^^^^^^^^^^^^^^^^^^^^^
E       KeyError: 'E9'

tests\two_rim_ideal_recheck\test_recheck_ideal.py:279: KeyError
---------------------------- Captured stdout call -----------------------------
{
 "axis_confirmed": 0,
 "axis_rows": 0,
 "coordinates_checked": 0,
 "coordinates_contained": 0,
 "euclidean_bounds_confirmed": 0,
 "expected_pairs": 0,
 "failed_seams": 0,
 "failures": 1,
 "rejected_seams": 0,
 "rows_checked": 0,
 "theorem_s_confirmed": 0,
 "theorem_s_rows": 0,
 "unknown_rows": 0,
 "verified": false,
 "verified_seams": 0,
 "witness_bounds_confirmed": 0,
 "witness_confirmed": 0,
 "witness_rows": 0
}
____ test_rehashed_bad_geometry_is_rejected_before_any_geometry[incidence] ____

pair = {'schema': 'two_rim.ideal.recheck_bundle/1', 'label': 'maintained ideal lane: stored states and ideal-checker evidence...vision': 'sha256:9afbe78b6b33ca27d013e475a00c8b073adf92c3bc773628c219ec1b349dde1d', 'checker_version': 1, ...}, ...]}}}
tmp_path = WindowsPath('C:/Users/<user>/AppData/Local/Temp/pytest-of-<user>/pytest-1795/test_rehashed_bad_geometry_is_2')
code = 'incidence'

    @pytest.mark.parametrize("code", sorted(R02))
    def test_rehashed_bad_geometry_is_rejected_before_any_geometry(pair, tmp_path, code):
        totals, report = run_rc(rebind(pair, "E9", material=R02[code]), tmp_path)
>       assert totals["verified"] is False and report["seams"]["E9"]["status"] == "rejected", code
                                               ^^^^^^^^^^^^^^^^^^^^^
E       KeyError: 'E9'

tests\two_rim_ideal_recheck\test_recheck_ideal.py:279: KeyError
---------------------------- Captured stdout call -----------------------------
{
 "axis_confirmed": 0,
 "axis_rows": 0,
 "coordinates_checked": 0,
 "coordinates_contained": 0,
 "euclidean_bounds_confirmed": 0,
 "expected_pairs": 0,
 "failed_seams": 0,
 "failures": 1,
 "rejected_seams": 0,
 "rows_checked": 0,
 "theorem_s_confirmed": 0,
 "theorem_s_rows": 0,
 "unknown_rows": 0,
 "verified": false,
 "verified_seams": 0,
 "witness_bounds_confirmed": 0,
 "witness_confirmed": 0,
 "witness_rows": 0
}
___ test_rehashed_bad_geometry_is_rejected_before_any_geometry[normal_zero] ___

pair = {'schema': 'two_rim.ideal.recheck_bundle/1', 'label': 'maintained ideal lane: stored states and ideal-checker evidence...vision': 'sha256:9afbe78b6b33ca27d013e475a00c8b073adf92c3bc773628c219ec1b349dde1d', 'checker_version': 1, ...}, ...]}}}
tmp_path = WindowsPath('C:/Users/<user>/AppData/Local/Temp/pytest-of-<user>/pytest-1795/test_rehashed_bad_geometry_is_3')
code = 'normal_zero'

    @pytest.mark.parametrize("code", sorted(R02))
    def test_rehashed_bad_geometry_is_rejected_before_any_geometry(pair, tmp_path, code):
        totals, report = run_rc(rebind(pair, "E9", material=R02[code]), tmp_path)
>       assert totals["verified"] is False and report["seams"]["E9"]["status"] == "rejected", code
                                               ^^^^^^^^^^^^^^^^^^^^^
E       KeyError: 'E9'

tests\two_rim_ideal_recheck\test_recheck_ideal.py:279: KeyError
---------------------------- Captured stdout call -----------------------------
{
 "axis_confirmed": 0,
 "axis_rows": 0,
 "coordinates_checked": 0,
 "coordinates_contained": 0,
 "euclidean_bounds_confirmed": 0,
 "expected_pairs": 0,
 "failed_seams": 0,
 "failures": 1,
 "rejected_seams": 0,
 "rows_checked": 0,
 "theorem_s_confirmed": 0,
 "theorem_s_rows": 0,
 "unknown_rows": 0,
 "verified": false,
 "verified_seams": 0,
 "witness_bounds_confirmed": 0,
 "witness_confirmed": 0,
 "witness_rows": 0
}
_ test_rehashed_bad_geometry_is_rejected_before_any_geometry[orientation_not_outward] _

pair = {'schema': 'two_rim.ideal.recheck_bundle/1', 'label': 'maintained ideal lane: stored states and ideal-checker evidence...vision': 'sha256:9afbe78b6b33ca27d013e475a00c8b073adf92c3bc773628c219ec1b349dde1d', 'checker_version': 1, ...}, ...]}}}
tmp_path = WindowsPath('C:/Users/<user>/AppData/Local/Temp/pytest-of-<user>/pytest-1795/test_rehashed_bad_geometry_is_4')
code = 'orientation_not_outward'

    @pytest.mark.parametrize("code", sorted(R02))
    def test_rehashed_bad_geometry_is_rejected_before_any_geometry(pair, tmp_path, code):
        totals, report = run_rc(rebind(pair, "E9", material=R02[code]), tmp_path)
>       assert totals["verified"] is False and report["seams"]["E9"]["status"] == "rejected", code
                                               ^^^^^^^^^^^^^^^^^^^^^
E       KeyError: 'E9'

tests\two_rim_ideal_recheck\test_recheck_ideal.py:279: KeyError
---------------------------- Captured stdout call -----------------------------
{
 "axis_confirmed": 0,
 "axis_rows": 0,
 "coordinates_checked": 0,
 "coordinates_contained": 0,
 "euclidean_bounds_confirmed": 0,
 "expected_pairs": 0,
 "failed_seams": 0,
 "failures": 1,
 "rejected_seams": 0,
 "rows_checked": 0,
 "theorem_s_confirmed": 0,
 "theorem_s_rows": 0,
 "unknown_rows": 0,
 "verified": false,
 "verified_seams": 0,
 "witness_bounds_confirmed": 0,
 "witness_confirmed": 0,
 "witness_rows": 0
}
_ test_rehashed_bad_geometry_is_rejected_before_any_geometry[reference_missing] _

pair = {'schema': 'two_rim.ideal.recheck_bundle/1', 'label': 'maintained ideal lane: stored states and ideal-checker evidence...vision': 'sha256:9afbe78b6b33ca27d013e475a00c8b073adf92c3bc773628c219ec1b349dde1d', 'checker_version': 1, ...}, ...]}}}
tmp_path = WindowsPath('C:/Users/<user>/AppData/Local/Temp/pytest-of-<user>/pytest-1795/test_rehashed_bad_geometry_is_5')
code = 'reference_missing'

    @pytest.mark.parametrize("code", sorted(R02))
    def test_rehashed_bad_geometry_is_rejected_before_any_geometry(pair, tmp_path, code):
        totals, report = run_rc(rebind(pair, "E9", material=R02[code]), tmp_path)
>       assert totals["verified"] is False and report["seams"]["E9"]["status"] == "rejected", code
                                               ^^^^^^^^^^^^^^^^^^^^^
E       KeyError: 'E9'

tests\two_rim_ideal_recheck\test_recheck_ideal.py:279: KeyError
---------------------------- Captured stdout call -----------------------------
{
 "axis_confirmed": 0,
 "axis_rows": 0,
 "coordinates_checked": 0,
 "coordinates_contained": 0,
 "euclidean_bounds_confirmed": 0,
 "expected_pairs": 0,
 "failed_seams": 0,
 "failures": 1,
 "rejected_seams": 0,
 "rows_checked": 0,
 "theorem_s_confirmed": 0,
 "theorem_s_rows": 0,
 "unknown_rows": 0,
 "verified": false,
 "verified_seams": 0,
 "witness_bounds_confirmed": 0,
 "witness_confirmed": 0,
 "witness_rows": 0
}
_ test_rehashed_bad_geometry_is_rejected_before_any_geometry[ring_not_on_plane] _

pair = {'schema': 'two_rim.ideal.recheck_bundle/1', 'label': 'maintained ideal lane: stored states and ideal-checker evidence...vision': 'sha256:9afbe78b6b33ca27d013e475a00c8b073adf92c3bc773628c219ec1b349dde1d', 'checker_version': 1, ...}, ...]}}}
tmp_path = WindowsPath('C:/Users/<user>/AppData/Local/Temp/pytest-of-<user>/pytest-1795/test_rehashed_bad_geometry_is_6')
code = 'ring_not_on_plane'

    @pytest.mark.parametrize("code", sorted(R02))
    def test_rehashed_bad_geometry_is_rejected_before_any_geometry(pair, tmp_path, code):
        totals, report = run_rc(rebind(pair, "E9", material=R02[code]), tmp_path)
>       assert totals["verified"] is False and report["seams"]["E9"]["status"] == "rejected", code
                                               ^^^^^^^^^^^^^^^^^^^^^
E       KeyError: 'E9'

tests\two_rim_ideal_recheck\test_recheck_ideal.py:279: KeyError
---------------------------- Captured stdout call -----------------------------
{
 "axis_confirmed": 0,
 "axis_rows": 0,
 "coordinates_checked": 0,
 "coordinates_contained": 0,
 "euclidean_bounds_confirmed": 0,
 "expected_pairs": 0,
 "failed_seams": 0,
 "failures": 1,
 "rejected_seams": 0,
 "rows_checked": 0,
 "theorem_s_confirmed": 0,
 "theorem_s_rows": 0,
 "unknown_rows": 0,
 "verified": false,
 "verified_seams": 0,
 "witness_bounds_confirmed": 0,
 "witness_confirmed": 0,
 "witness_rows": 0
}
_ test_rehashed_bad_geometry_is_rejected_before_any_geometry[trimmed_ring_not_convex_ccw] _

pair = {'schema': 'two_rim.ideal.recheck_bundle/1', 'label': 'maintained ideal lane: stored states and ideal-checker evidence...vision': 'sha256:9afbe78b6b33ca27d013e475a00c8b073adf92c3bc773628c219ec1b349dde1d', 'checker_version': 1, ...}, ...]}}}
tmp_path = WindowsPath('C:/Users/<user>/AppData/Local/Temp/pytest-of-<user>/pytest-1795/test_rehashed_bad_geometry_is_7')
code = 'trimmed_ring_not_convex_ccw'

    @pytest.mark.parametrize("code", sorted(R02))
    def test_rehashed_bad_geometry_is_rejected_before_any_geometry(pair, tmp_path, code):
        totals, report = run_rc(rebind(pair, "E9", material=R02[code]), tmp_path)
>       assert totals["verified"] is False and report["seams"]["E9"]["status"] == "rejected", code
                                               ^^^^^^^^^^^^^^^^^^^^^
E       KeyError: 'E9'

tests\two_rim_ideal_recheck\test_recheck_ideal.py:279: KeyError
---------------------------- Captured stdout call -----------------------------
{
 "axis_confirmed": 0,
 "axis_rows": 0,
 "coordinates_checked": 0,
 "coordinates_contained": 0,
 "euclidean_bounds_confirmed": 0,
 "expected_pairs": 0,
 "failed_seams": 0,
 "failures": 1,
 "rejected_seams": 0,
 "rows_checked": 0,
 "theorem_s_confirmed": 0,
 "theorem_s_rows": 0,
 "unknown_rows": 0,
 "verified": false,
 "verified_seams": 0,
 "witness_bounds_confirmed": 0,
 "witness_confirmed": 0,
 "witness_rows": 0
}
_________________ test_rehash_without_a_fault_still_verifies __________________

pair = {'schema': 'two_rim.ideal.recheck_bundle/1', 'label': 'maintained ideal lane: stored states and ideal-checker evidence...vision': 'sha256:9afbe78b6b33ca27d013e475a00c8b073adf92c3bc773628c219ec1b349dde1d', 'checker_version': 1, ...}, ...]}}}
tmp_path = WindowsPath('C:/Users/<user>/AppData/Local/Temp/pytest-of-<user>/pytest-1795/test_rehash_without_a_fault_st0')

    def test_rehash_without_a_fault_still_verifies(pair, tmp_path):
>       assert run_rc(rebind(pair, "E9", material=lambda p: None), tmp_path)[0]["verified"] is True
E       assert False is True

tests\two_rim_ideal_recheck\test_recheck_ideal.py:286: AssertionError
---------------------------- Captured stdout call -----------------------------
{
 "axis_confirmed": 0,
 "axis_rows": 0,
 "coordinates_checked": 0,
 "coordinates_contained": 0,
 "euclidean_bounds_confirmed": 0,
 "expected_pairs": 0,
 "failed_seams": 0,
 "failures": 1,
 "rejected_seams": 0,
 "rows_checked": 0,
 "theorem_s_confirmed": 0,
 "theorem_s_rows": 0,
 "unknown_rows": 0,
 "verified": false,
 "verified_seams": 0,
 "witness_bounds_confirmed": 0,
 "witness_confirmed": 0,
 "witness_rows": 0
}
_ test_a_consistent_but_different_trim_is_not_confirmed_rather_than_declared_invalid _

pair = {'schema': 'two_rim.ideal.recheck_bundle/1', 'label': 'maintained ideal lane: stored states and ideal-checker evidence...vision': 'sha256:9afbe78b6b33ca27d013e475a00c8b073adf92c3bc773628c219ec1b349dde1d', 'checker_version': 1, ...}, ...]}}}
tmp_path = WindowsPath('C:/Users/<user>/AppData/Local/Temp/pytest-of-<user>/pytest-1795/test_a_consistent_but_differen0')

    def test_a_consistent_but_different_trim_is_not_confirmed_rather_than_declared_invalid(pair, tmp_path):
        totals, report = run_rc(rebind(pair, "E4", ideal=_set("delta", "1/5000")), tmp_path)
>       seam = report["seams"]["E4"]
               ^^^^^^^^^^^^^^^^^^^^^
E       KeyError: 'E4'

tests\two_rim_ideal_recheck\test_recheck_ideal.py:291: KeyError
---------------------------- Captured stdout call -----------------------------
{
 "axis_confirmed": 0,
 "axis_rows": 0,
 "coordinates_checked": 0,
 "coordinates_contained": 0,
 "euclidean_bounds_confirmed": 0,
 "expected_pairs": 0,
 "failed_seams": 0,
 "failures": 1,
 "rejected_seams": 0,
 "rows_checked": 0,
 "theorem_s_confirmed": 0,
 "theorem_s_rows": 0,
 "unknown_rows": 0,
 "verified": false,
 "verified_seams": 0,
 "witness_bounds_confirmed": 0,
 "witness_confirmed": 0,
 "witness_rows": 0
}
_____________ test_an_honest_unknown_row_is_counted_not_rejected ______________

pair = {'schema': 'two_rim.ideal.recheck_bundle/1', 'label': 'maintained ideal lane: stored states and ideal-checker evidence...vision': 'sha256:9afbe78b6b33ca27d013e475a00c8b073adf92c3bc773628c219ec1b349dde1d', 'checker_version': 1, ...}, ...]}}}
tmp_path = WindowsPath('C:/Users/<user>/AppData/Local/Temp/pytest-of-<user>/pytest-1795/test_an_honest_unknown_row_is_0')

    def test_an_honest_unknown_row_is_counted_not_rejected(pair, tmp_path):
        b = copy.deepcopy(pair)
        _make_unknown(b)
        _claim(b, "E4", REMAINING)["outcome"] = "unknown"
        totals, report = run_rc(b, tmp_path)
>       assert totals["verified"] is True and totals["unknown_rows"] == 1
E       assert (False is True)

tests\two_rim_ideal_recheck\test_recheck_ideal.py:310: AssertionError
---------------------------- Captured stdout call -----------------------------
{
 "axis_confirmed": 0,
 "axis_rows": 0,
 "coordinates_checked": 0,
 "coordinates_contained": 0,
 "euclidean_bounds_confirmed": 0,
 "expected_pairs": 0,
 "failed_seams": 0,
 "failures": 1,
 "rejected_seams": 0,
 "rows_checked": 0,
 "theorem_s_confirmed": 0,
 "theorem_s_rows": 0,
 "unknown_rows": 0,
 "verified": false,
 "verified_seams": 0,
 "witness_bounds_confirmed": 0,
 "witness_confirmed": 0,
 "witness_rows": 0
}
____________ test_an_unknown_row_must_change_the_declared_outcome _____________

pair = {'schema': 'two_rim.ideal.recheck_bundle/1', 'label': 'maintained ideal lane: stored states and ideal-checker evidence...vision': 'sha256:9afbe78b6b33ca27d013e475a00c8b073adf92c3bc773628c219ec1b349dde1d', 'checker_version': 1, ...}, ...]}}}
tmp_path = WindowsPath('C:/Users/<user>/AppData/Local/Temp/pytest-of-<user>/pytest-1795/test_an_unknown_row_must_chang0')

    def test_an_unknown_row_must_change_the_declared_outcome(pair, tmp_path):
        b = copy.deepcopy(pair)
        _make_unknown(b)
        totals, report = run_rc(b, tmp_path)
>       assert totals["verified"] is False and "verdict" in reasons(report)
E       assert (False is False and 'verdict' in {'bundle_schema'})
E        +  where {'bundle_schema'} = reasons({'bundle_failures': [{'code': 'bundle_schema', 'detail': "schema 'two_rim.ideal.recheck_bundle/1'; binding to source/c...10-10.0.26200-SP0', 'python': '3.11.9 (tags/v3.11.9:de54cf5, Apr  2 2024, 10:12:12) [MSC v.1938 64 bit (AMD64)]'}, ...})

tests\two_rim_ideal_recheck\test_recheck_ideal.py:318: AssertionError
---------------------------- Captured stdout call -----------------------------
{
 "axis_confirmed": 0,
 "axis_rows": 0,
 "coordinates_checked": 0,
 "coordinates_contained": 0,
 "euclidean_bounds_confirmed": 0,
 "expected_pairs": 0,
 "failed_seams": 0,
 "failures": 1,
 "rejected_seams": 0,
 "rows_checked": 0,
 "theorem_s_confirmed": 0,
 "theorem_s_rows": 0,
 "unknown_rows": 0,
 "verified": false,
 "verified_seams": 0,
 "witness_bounds_confirmed": 0,
 "witness_confirmed": 0,
 "witness_rows": 0
}
_____ test_exit_codes_genuine_inflated_witness_inflated_gap_invalid_plane _____

pair = {'schema': 'two_rim.ideal.recheck_bundle/1', 'label': 'maintained ideal lane: stored states and ideal-checker evidence...vision': 'sha256:9afbe78b6b33ca27d013e475a00c8b073adf92c3bc773628c219ec1b349dde1d', 'checker_version': 1, ...}, ...]}}}
tmp_path = WindowsPath('C:/Users/<user>/AppData/Local/Temp/pytest-of-<user>/pytest-1795/test_exit_codes_genuine_inflat0')

    def test_exit_codes_genuine_inflated_witness_inflated_gap_invalid_plane(pair, tmp_path):
        cases = {"genuine": copy.deepcopy(pair), "inflated_witness": copy.deepcopy(pair),
                 "inflated_gap": copy.deepcopy(pair), "invalid_plane": rebind(pair, "E9", material=R02["ring_not_on_plane"])}
        FAULTS["witness_bound"](cases["inflated_witness"])
        FAULTS["euclidean_gap_bound"](cases["inflated_gap"])
        codes = {}
        for name, b in cases.items():
            path = tmp_path / f"{name}.json"
            path.write_text(json.dumps(b), encoding="ascii")
            codes[name] = subprocess.run([sys.executable, "-B", str(HERE / "recheck_ideal_mpmath.py"), str(path),
                                          str(tmp_path / f"{name}.out.json")], capture_output=True).returncode
>       assert codes == {"genuine": 0, "inflated_witness": 1, "inflated_gap": 1, "invalid_plane": 1}
E       AssertionError: assert {'genuine': 1...lid_plane': 1} == {'genuine': 0...lid_plane': 1}
E         
E         Omitting 3 identical items, use -vv to show
E         Differing items:
E         {'genuine': 1} != {'genuine': 0}
E         Use -v to get more diff

tests\two_rim_ideal_recheck\test_recheck_ideal.py:332: AssertionError
=========================== short test summary info ===========================
FAILED tests/two_rim_ideal_recheck/test_recheck_ideal.py::test_fresh_e11_bundle_verifies_every_seam_and_bound
FAILED tests/two_rim_ideal_recheck/test_recheck_ideal.py::test_the_report_states_its_scope
FAILED tests/two_rim_ideal_recheck/test_recheck_ideal.py::test_fresh_square_bundles_verify_on_the_exact_path
FAILED tests/two_rim_ideal_recheck/test_recheck_ideal.py::test_single_fault_is_rejected_with_its_reason[axis_order]
FAILED tests/two_rim_ideal_recheck/test_recheck_ideal.py::test_single_fault_is_rejected_with_its_reason[axis_zero]
FAILED tests/two_rim_ideal_recheck/test_recheck_ideal.py::test_single_fault_is_rejected_with_its_reason[bits_level]
FAILED tests/two_rim_ideal_recheck/test_recheck_ideal.py::test_single_fault_is_rejected_with_its_reason[box_coverage]
FAILED tests/two_rim_ideal_recheck/test_recheck_ideal.py::test_single_fault_is_rejected_with_its_reason[box_shape]
FAILED tests/two_rim_ideal_recheck/test_recheck_ideal.py::test_single_fault_is_rejected_with_its_reason[declared_claims]
FAILED tests/two_rim_ideal_recheck/test_recheck_ideal.py::test_single_fault_is_rejected_with_its_reason[euclidean_gap_bound]
FAILED tests/two_rim_ideal_recheck/test_recheck_ideal.py::test_single_fault_is_rejected_with_its_reason[euclidean_gap_bound_shape]
FAILED tests/two_rim_ideal_recheck/test_recheck_ideal.py::test_single_fault_is_rejected_with_its_reason[evidence_checker]
FAILED tests/two_rim_ideal_recheck/test_recheck_ideal.py::test_single_fault_is_rejected_with_its_reason[evidence_claims]
FAILED tests/two_rim_ideal_recheck/test_recheck_ideal.py::test_single_fault_is_rejected_with_its_reason[evidence_subject]
FAILED tests/two_rim_ideal_recheck/test_recheck_ideal.py::test_single_fault_is_rejected_with_its_reason[interval_bounds]
FAILED tests/two_rim_ideal_recheck/test_recheck_ideal.py::test_single_fault_is_rejected_with_its_reason[method_outcome]
FAILED tests/two_rim_ideal_recheck/test_recheck_ideal.py::test_single_fault_is_rejected_with_its_reason[noncanonical_number]
FAILED tests/two_rim_ideal_recheck/test_recheck_ideal.py::test_single_fault_is_rejected_with_its_reason[pair_coverage]
FAILED tests/two_rim_ideal_recheck/test_recheck_ideal.py::test_single_fault_is_rejected_with_its_reason[pair_duplicate]
FAILED tests/two_rim_ideal_recheck/test_recheck_ideal.py::test_single_fault_is_rejected_with_its_reason[pair_ids]
FAILED tests/two_rim_ideal_recheck/test_recheck_ideal.py::test_single_fault_is_rejected_with_its_reason[pair_order]
FAILED tests/two_rim_ideal_recheck/test_recheck_ideal.py::test_single_fault_is_rejected_with_its_reason[positions]
FAILED tests/two_rim_ideal_recheck/test_recheck_ideal.py::test_single_fault_is_rejected_with_its_reason[shared_hinge_record]
FAILED tests/two_rim_ideal_recheck/test_recheck_ideal.py::test_single_fault_is_rejected_with_its_reason[state_hash]
FAILED tests/two_rim_ideal_recheck/test_recheck_ideal.py::test_single_fault_is_rejected_with_its_reason[unrecognized_field]
FAILED tests/two_rim_ideal_recheck/test_recheck_ideal.py::test_single_fault_is_rejected_with_its_reason[verdict]
FAILED tests/two_rim_ideal_recheck/test_recheck_ideal.py::test_single_fault_is_rejected_with_its_reason[witness_bound]
FAILED tests/two_rim_ideal_recheck/test_recheck_ideal.py::test_the_prototype_bundle_format_is_refused
FAILED tests/two_rim_ideal_recheck/test_recheck_ideal.py::test_rehashed_record_faults_are_rejected_at_binding[subject_constants-kw0]
FAILED tests/two_rim_ideal_recheck/test_recheck_ideal.py::test_rehashed_record_faults_are_rejected_at_binding[delta_domain-kw1]
FAILED tests/two_rim_ideal_recheck/test_recheck_ideal.py::test_rehashed_record_faults_are_rejected_at_binding[cut_copy-kw2]
FAILED tests/two_rim_ideal_recheck/test_recheck_ideal.py::test_rehashed_record_faults_are_rejected_at_binding[parent_link-kw3]
FAILED tests/two_rim_ideal_recheck/test_recheck_ideal.py::test_rehashed_bad_geometry_is_rejected_before_any_geometry[hinge_degenerate]
FAILED tests/two_rim_ideal_recheck/test_recheck_ideal.py::test_rehashed_bad_geometry_is_rejected_before_any_geometry[identity_ambiguous]
FAILED tests/two_rim_ideal_recheck/test_recheck_ideal.py::test_rehashed_bad_geometry_is_rejected_before_any_geometry[incidence]
FAILED tests/two_rim_ideal_recheck/test_recheck_ideal.py::test_rehashed_bad_geometry_is_rejected_before_any_geometry[normal_zero]
FAILED tests/two_rim_ideal_recheck/test_recheck_ideal.py::test_rehashed_bad_geometry_is_rejected_before_any_geometry[orientation_not_outward]
FAILED tests/two_rim_ideal_recheck/test_recheck_ideal.py::test_rehashed_bad_geometry_is_rejected_before_any_geometry[reference_missing]
FAILED tests/two_rim_ideal_recheck/test_recheck_ideal.py::test_rehashed_bad_geometry_is_rejected_before_any_geometry[ring_not_on_plane]
FAILED tests/two_rim_ideal_recheck/test_recheck_ideal.py::test_rehashed_bad_geometry_is_rejected_before_any_geometry[trimmed_ring_not_convex_ccw]
FAILED tests/two_rim_ideal_recheck/test_recheck_ideal.py::test_rehash_without_a_fault_still_verifies
FAILED tests/two_rim_ideal_recheck/test_recheck_ideal.py::test_a_consistent_but_different_trim_is_not_confirmed_rather_than_declared_invalid
FAILED tests/two_rim_ideal_recheck/test_recheck_ideal.py::test_an_honest_unknown_row_is_counted_not_rejected
FAILED tests/two_rim_ideal_recheck/test_recheck_ideal.py::test_an_unknown_row_must_change_the_declared_outcome
FAILED tests/two_rim_ideal_recheck/test_recheck_ideal.py::test_exit_codes_genuine_inflated_witness_inflated_gap_invalid_plane
45 failed, 1 passed in 7.73s
