...FFFFFFFF                                                              [100%]
================================== FAILURES ===================================
_______ test_S01_source_linked_search_cannot_omit_source_correspondence _______

    def test_S01_source_linked_search_cannot_omit_source_correspondence():
        r=registry()
        r.register_action(ActionSpec('review.wrong.material',1,'two_rim.source',{},'review-1',
            lambda st,p,seed: StateDraft('two_rim.material',build_material(normalize_source(**dict(BASE,height='4'))),'exact')))
        run,s,m=source_material(r,builder='review.wrong.material')
        assert run.get(s)['payload']['normalized']['height'] != run.get(m)['payload']['height']
        # Missing source/material evidence must not be reported as a complete source-linked pass.
        # Rejection for unavailable prerequisite checkers is acceptable at this boundary.
        try:
            rows=enumerated_candidate_search(run,m,'1/4')['results']
        except RegistryError as exc:
            assert 'checker' in str(exc).lower()
            return
>       assert rows and all(source_linked(row,'full') != 'pass' and source_linked(row,'trimmed') != 'pass' for row in rows)
E       AssertionError: assert ([{'seam': 'E0', 'cut': 'sha256:f4588c49384669354d95c16b7d1d0dde5ed773bc3681a3f9f4b398df370296f0', 'development': 'sha2...218189f53db9f734217be5ad4', 'trimmed': 'sha256:b00210e5cb2cb217036c4970a23f6df5e62d401eb2b670556378131c0b3e23ed', ...}] and False)
E        +  where False = all(<generator object test_S01_source_linked_search_cannot_omit_source_correspondence.<locals>.<genexpr> at 0x000001DBC8E84580>)

review-cases\stage3-review\test_stage3_regressions.py:152: AssertionError
__________ test_S01_trim_summary_keeps_failed_parent_copy_obligation __________

    def test_S01_trim_summary_keeps_failed_parent_copy_obligation():
        def change_copy(p):
            p['cut']['schema'] = 'two_rim.cut/99'
        run,s,m=source_material(registry(change_copy))
        rows=enumerated_candidate_search(run,m,'1/4')['results']
        assert all(row['full_claims']['two_rim.development.cut_copy_matches_parent'] == 'fail' for row in rows)
>       assert all(source_linked(row,'trimmed') != 'pass' for row in rows)
E       assert False
E        +  where False = all(<generator object test_S01_trim_summary_keeps_failed_parent_copy_obligation.<locals>.<genexpr> at 0x000001DBC8DF7A00>)

review-cases\stage3-review\test_stage3_regressions.py:161: AssertionError
__________ test_S02_changed_map_convention_is_not_a_supported_schema __________

    def test_S02_changed_map_convention_is_not_a_supported_schema():
        run,s,m=source_material(registry(lambda p:p.update(map_convention='image = linear @ [x, y, z] - offset')))
        c,d=cut_dev(run,m)
        ev=by_claim(run.check('two_rim.check.development',1,d,{}))
>       assert ev['two_rim.development.record_schema']['outcome'] != 'pass'
E       AssertionError: assert 'pass' != 'pass'

review-cases\stage3-review\test_stage3_regressions.py:168: AssertionError
__ test_S02_trim_interpretation_and_exact_number_contract[height_parameter] ___

mutation = 'height_parameter'

    @pytest.mark.parametrize('mutation', ['height_parameter','boolean_coordinate','numeric_coordinate'])
    def test_S02_trim_interpretation_and_exact_number_contract(mutation):
        r=registry();run,s,m=source_material(r);c,d=cut_dev(run,m)
        def builder(st,p,seed):
            trim=apply_trim(st['payload'],'1/4')
            if mutation=='height_parameter':
                trim['height_parameter']='absolute z, not normalized height'
            else:
                point=next(v for v in trim['trim_points'].values() if v['xyz'][0]=='0')
                point['xyz'][0]=False if mutation=='boolean_coordinate' else 0.0
            return StateDraft('two_rim.trimmed_development',trim,'mixed')
        r.register_action(ActionSpec('review.trim',1,'two_rim.development',{},'review-1',builder))
        t=run.apply('review.trim',1,{},d)['output']
        ev=by_claim(run.check('two_rim.check.trimmed_development',1,t,{}))
>       assert ev['two_rim.trim.record_schema']['outcome'] != 'pass'
E       AssertionError: assert 'pass' != 'pass'

review-cases\stage3-review\test_stage3_regressions.py:185: AssertionError
_ test_S02_trim_interpretation_and_exact_number_contract[boolean_coordinate] __

mutation = 'boolean_coordinate'

    @pytest.mark.parametrize('mutation', ['height_parameter','boolean_coordinate','numeric_coordinate'])
    def test_S02_trim_interpretation_and_exact_number_contract(mutation):
        r=registry();run,s,m=source_material(r);c,d=cut_dev(run,m)
        def builder(st,p,seed):
            trim=apply_trim(st['payload'],'1/4')
            if mutation=='height_parameter':
                trim['height_parameter']='absolute z, not normalized height'
            else:
                point=next(v for v in trim['trim_points'].values() if v['xyz'][0]=='0')
                point['xyz'][0]=False if mutation=='boolean_coordinate' else 0.0
            return StateDraft('two_rim.trimmed_development',trim,'mixed')
        r.register_action(ActionSpec('review.trim',1,'two_rim.development',{},'review-1',builder))
        t=run.apply('review.trim',1,{},d)['output']
        ev=by_claim(run.check('two_rim.check.trimmed_development',1,t,{}))
>       assert ev['two_rim.trim.record_schema']['outcome'] != 'pass'
E       AssertionError: assert 'pass' != 'pass'

review-cases\stage3-review\test_stage3_regressions.py:185: AssertionError
_ test_S02_trim_interpretation_and_exact_number_contract[numeric_coordinate] __

mutation = 'numeric_coordinate'

    @pytest.mark.parametrize('mutation', ['height_parameter','boolean_coordinate','numeric_coordinate'])
    def test_S02_trim_interpretation_and_exact_number_contract(mutation):
        r=registry();run,s,m=source_material(r);c,d=cut_dev(run,m)
        def builder(st,p,seed):
            trim=apply_trim(st['payload'],'1/4')
            if mutation=='height_parameter':
                trim['height_parameter']='absolute z, not normalized height'
            else:
                point=next(v for v in trim['trim_points'].values() if v['xyz'][0]=='0')
                point['xyz'][0]=False if mutation=='boolean_coordinate' else 0.0
            return StateDraft('two_rim.trimmed_development',trim,'mixed')
        r.register_action(ActionSpec('review.trim',1,'two_rim.development',{},'review-1',builder))
        t=run.apply('review.trim',1,{},d)['output']
        ev=by_claim(run.check('two_rim.check.trimmed_development',1,t,{}))
>       assert ev['two_rim.trim.record_schema']['outcome'] != 'pass'
E       AssertionError: assert 'pass' != 'pass'

review-cases\stage3-review\test_stage3_regressions.py:185: AssertionError
_________ test_S03_principal_angle_is_not_the_lifted_total_turn_sign __________

    def test_S03_principal_angle_is_not_the_lifted_total_turn_sign():
        run,s,m=source_material(registry(),E11);c,d=cut_dev(run,m,'E9')
        ev=by_claim(run.check('two_rim.check.development',1,d,{}))[DIAGNOSTICS[2]]
        q=run.get(d)['payload']['generator']['sum_q']
        assert q < -math.pi  # Stored generator sum is about -6.2076, not +0.07558.
        # Report the numerical lifted sign correctly, or leave it unknown pending an independent lift check.
>       assert ev['receipt'].get('defect_sign') in (None,'unknown','negative')
E       AssertionError: assert 'positive' in (None, 'unknown', 'negative')
E        +  where 'positive' = <built-in method get of dict object at 0x000001DBFB4B7500>('defect_sign')
E        +    where <built-in method get of dict object at 0x000001DBFB4B7500> = {'abs_values_agree': False, 'defect_sign': 'positive', 'generator_sum_q': -6.207602934472599, 'note': 'diagnostic, not a safety obligation; sign below 1e-9 rad is unknown (no epsilon choice)', ...}.get

review-cases\stage3-review\test_stage3_regressions.py:194: AssertionError
__________ test_S04_numerical_tolerance_is_in_the_core_policy_field ___________

    def test_S04_numerical_tolerance_is_in_the_core_policy_field():
        run,s,m=source_material(registry());c,d=cut_dev(run,m)
        evs=run.check('two_rim.check.development',1,d,{})
>       assert all(e['tolerances'] is not None for e in evs if e['claim'] in NUMERICAL)
E       assert False
E        +  where False = all(<generator object test_S04_numerical_tolerance_is_in_the_core_policy_field.<locals>.<genexpr> at 0x000001DBC81E6810>)

review-cases\stage3-review\test_stage3_regressions.py:200: AssertionError
=================================== PASSES ====================================
=========================== short test summary info ===========================
PASSED review-cases/stage3-review/test_stage3_regressions.py::test_control_square_local_geometry_and_replay
PASSED review-cases/stage3-review/test_stage3_regressions.py::test_control_e11_documented_current_seams_and_overlap_pair
PASSED review-cases/stage3-review/test_stage3_regressions.py::test_control_dropped_translation_is_not_accepted
FAILED review-cases/stage3-review/test_stage3_regressions.py::test_S01_source_linked_search_cannot_omit_source_correspondence
FAILED review-cases/stage3-review/test_stage3_regressions.py::test_S01_trim_summary_keeps_failed_parent_copy_obligation
FAILED review-cases/stage3-review/test_stage3_regressions.py::test_S02_changed_map_convention_is_not_a_supported_schema
FAILED review-cases/stage3-review/test_stage3_regressions.py::test_S02_trim_interpretation_and_exact_number_contract[height_parameter]
FAILED review-cases/stage3-review/test_stage3_regressions.py::test_S02_trim_interpretation_and_exact_number_contract[boolean_coordinate]
FAILED review-cases/stage3-review/test_stage3_regressions.py::test_S02_trim_interpretation_and_exact_number_contract[numeric_coordinate]
FAILED review-cases/stage3-review/test_stage3_regressions.py::test_S03_principal_angle_is_not_the_lifted_total_turn_sign
FAILED review-cases/stage3-review/test_stage3_regressions.py::test_S04_numerical_tolerance_is_in_the_core_policy_field
8 failed, 3 passed in 2.03s
