...FFFFF....                                                             [100%]
================================== FAILURES ===================================
_______ test_I01_default_policy_all_interval_rows_unknown_is_checkable ________

tmp_path = WindowsPath('C:/Users/<user>/AppData/Local/Temp/pytest-of-<user>/pytest-1808/test_I01_default_policy_all_in0')

    def test_I01_default_policy_all_interval_rows_unknown_is_checkable(tmp_path):
        # Real supported rational input, real default 16..512 policy. No monkeypatch.
        # A bounded derivative of E11; the absolute rounding budget leaves all 45
        # non-retained pairs unresolved, while the 10 exact hinge rows are established.
        flat = dict(E11, height="1/" + "1" + "0" * 200)
        run, row, b = search(flat, E11_DELTA, "E4")
        assert row["ideal_geometric_verdict"]["verdict"] == "unknown"
        rem = claim(b, "E4", REMAINING)
        assert rem["tolerances"] == IDEAL_POLICY
        assert rem["receipt"]["enclosures"] == {}
        assert len(rem["receipt"]["rows"]) == 45
        assert {r["outcome"] for r in rem["receipt"]["rows"]} == {"unknown"}
        totals, report = check_bundle(b, tmp_path)
>       assert totals["verified"], report
E       AssertionError: {'bundle_failures': [], 'contract': 'two_rim.ideal.recheck_bundle/1', 'diagnostic_fields_not_verified': ['attempts', '...10-10.0.26200-SP0', 'python': '3.11.9 (tags/v3.11.9:de54cf5, Apr  2 2024, 10:12:12) [MSC v.1938 64 bit (AMD64)]'}, ...}
E       assert False

<review-scratch>\review-4b\test_stage4b_review.py:99: AssertionError
---------------------------- Captured stdout call -----------------------------
{
 "axis_confirmed": 0,
 "axis_rows": 0,
 "coordinates_checked": 0,
 "coordinates_contained": 0,
 "euclidean_bounds_confirmed": 0,
 "expected_pairs": 55,
 "failed_seams": 0,
 "failures": 1,
 "rejected_seams": 1,
 "rows_checked": 55,
 "theorem_s_confirmed": 0,
 "theorem_s_rows": 0,
 "unknown_rows": 0,
 "verified": false,
 "verified_seams": 0,
 "witness_bounds_confirmed": 0,
 "witness_confirmed": 0,
 "witness_rows": 0
}
_ test_I02_every_supplied_side_record_and_partition_must_be_accounted_for[duplicate_valid] _

square = (<glab.core.runfile.Run object at 0x0000018769233DD0>, {'seam': 'E0', 'cut': 'sha256:2859dfc3b9b5631880c5aa8929b4c42e3...ision': 'sha256:9afbe78b6b33ca27d013e475a00c8b073adf92c3bc773628c219ec1b349dde1d', 'checker_version': 1, ...}, ...]}}})
tmp_path = WindowsPath('C:/Users/<user>/AppData/Local/Temp/pytest-of-<user>/pytest-1808/test_I02_every_supplied_side_r0')
mutation = 'duplicate_valid'

    @pytest.mark.parametrize("mutation", ["duplicate_valid", "duplicate_corrupt", "extra_invalid", "contradictory_partition"])
    def test_I02_every_supplied_side_record_and_partition_must_be_accounted_for(square, tmp_path, mutation):
        b = copy.deepcopy(square[2])
        rows = claim(b, "E0", SIDES)["receipt"]["rows"]
        if mutation.startswith("duplicate"):
            extra = copy.deepcopy(rows[0])
            if mutation == "duplicate_corrupt":
                face = extra["pair"][0]
                key = next(iter(extra["sigma"][face]))
                extra["sigma"][face][key] = "999999"
            # The valid original follows it: a dict-comprehension silently overwrites this record.
            rows.insert(0, extra)
        elif mutation == "extra_invalid":
            rows.append({"pair": ["F0", "F99"], "outcome": "pass", "sigma": {}})
        else:
            ts = claim(b, "E0", THEOREM_S)["receipt"]
            ts["undecided_pairs"] = [copy.deepcopy(ts["decided_pairs"][0])]
        totals, report = check_bundle(b, tmp_path)
>       assert not totals["verified"], (mutation, report)
E       AssertionError: ('duplicate_valid', {'bundle_failures': [], 'contract': 'two_rim.ideal.recheck_bundle/1', 'diagnostic_fields_not_verif...0-10.0.26200-SP0', 'python': '3.11.9 (tags/v3.11.9:de54cf5, Apr  2 2024, 10:12:12) [MSC v.1938 64 bit (AMD64)]'}, ...})
E       assert not True

<review-scratch>\review-4b\test_stage4b_review.py:123: AssertionError
---------------------------- Captured stdout call -----------------------------
{
 "axis_confirmed": 3,
 "axis_rows": 3,
 "coordinates_checked": 32,
 "coordinates_contained": 32,
 "euclidean_bounds_confirmed": 3,
 "expected_pairs": 6,
 "failed_seams": 0,
 "failures": 0,
 "rejected_seams": 0,
 "rows_checked": 6,
 "theorem_s_confirmed": 3,
 "theorem_s_rows": 3,
 "unknown_rows": 0,
 "verified": true,
 "verified_seams": 1,
 "witness_bounds_confirmed": 0,
 "witness_confirmed": 0,
 "witness_rows": 0
}
_ test_I02_every_supplied_side_record_and_partition_must_be_accounted_for[duplicate_corrupt] _

square = (<glab.core.runfile.Run object at 0x0000018769233DD0>, {'seam': 'E0', 'cut': 'sha256:2859dfc3b9b5631880c5aa8929b4c42e3...ision': 'sha256:9afbe78b6b33ca27d013e475a00c8b073adf92c3bc773628c219ec1b349dde1d', 'checker_version': 1, ...}, ...]}}})
tmp_path = WindowsPath('C:/Users/<user>/AppData/Local/Temp/pytest-of-<user>/pytest-1808/test_I02_every_supplied_side_r1')
mutation = 'duplicate_corrupt'

    @pytest.mark.parametrize("mutation", ["duplicate_valid", "duplicate_corrupt", "extra_invalid", "contradictory_partition"])
    def test_I02_every_supplied_side_record_and_partition_must_be_accounted_for(square, tmp_path, mutation):
        b = copy.deepcopy(square[2])
        rows = claim(b, "E0", SIDES)["receipt"]["rows"]
        if mutation.startswith("duplicate"):
            extra = copy.deepcopy(rows[0])
            if mutation == "duplicate_corrupt":
                face = extra["pair"][0]
                key = next(iter(extra["sigma"][face]))
                extra["sigma"][face][key] = "999999"
            # The valid original follows it: a dict-comprehension silently overwrites this record.
            rows.insert(0, extra)
        elif mutation == "extra_invalid":
            rows.append({"pair": ["F0", "F99"], "outcome": "pass", "sigma": {}})
        else:
            ts = claim(b, "E0", THEOREM_S)["receipt"]
            ts["undecided_pairs"] = [copy.deepcopy(ts["decided_pairs"][0])]
        totals, report = check_bundle(b, tmp_path)
>       assert not totals["verified"], (mutation, report)
E       AssertionError: ('duplicate_corrupt', {'bundle_failures': [], 'contract': 'two_rim.ideal.recheck_bundle/1', 'diagnostic_fields_not_ver...0-10.0.26200-SP0', 'python': '3.11.9 (tags/v3.11.9:de54cf5, Apr  2 2024, 10:12:12) [MSC v.1938 64 bit (AMD64)]'}, ...})
E       assert not True

<review-scratch>\review-4b\test_stage4b_review.py:123: AssertionError
---------------------------- Captured stdout call -----------------------------
{
 "axis_confirmed": 3,
 "axis_rows": 3,
 "coordinates_checked": 32,
 "coordinates_contained": 32,
 "euclidean_bounds_confirmed": 3,
 "expected_pairs": 6,
 "failed_seams": 0,
 "failures": 0,
 "rejected_seams": 0,
 "rows_checked": 6,
 "theorem_s_confirmed": 3,
 "theorem_s_rows": 3,
 "unknown_rows": 0,
 "verified": true,
 "verified_seams": 1,
 "witness_bounds_confirmed": 0,
 "witness_confirmed": 0,
 "witness_rows": 0
}
_ test_I02_every_supplied_side_record_and_partition_must_be_accounted_for[extra_invalid] _

square = (<glab.core.runfile.Run object at 0x0000018769233DD0>, {'seam': 'E0', 'cut': 'sha256:2859dfc3b9b5631880c5aa8929b4c42e3...ision': 'sha256:9afbe78b6b33ca27d013e475a00c8b073adf92c3bc773628c219ec1b349dde1d', 'checker_version': 1, ...}, ...]}}})
tmp_path = WindowsPath('C:/Users/<user>/AppData/Local/Temp/pytest-of-<user>/pytest-1808/test_I02_every_supplied_side_r2')
mutation = 'extra_invalid'

    @pytest.mark.parametrize("mutation", ["duplicate_valid", "duplicate_corrupt", "extra_invalid", "contradictory_partition"])
    def test_I02_every_supplied_side_record_and_partition_must_be_accounted_for(square, tmp_path, mutation):
        b = copy.deepcopy(square[2])
        rows = claim(b, "E0", SIDES)["receipt"]["rows"]
        if mutation.startswith("duplicate"):
            extra = copy.deepcopy(rows[0])
            if mutation == "duplicate_corrupt":
                face = extra["pair"][0]
                key = next(iter(extra["sigma"][face]))
                extra["sigma"][face][key] = "999999"
            # The valid original follows it: a dict-comprehension silently overwrites this record.
            rows.insert(0, extra)
        elif mutation == "extra_invalid":
            rows.append({"pair": ["F0", "F99"], "outcome": "pass", "sigma": {}})
        else:
            ts = claim(b, "E0", THEOREM_S)["receipt"]
            ts["undecided_pairs"] = [copy.deepcopy(ts["decided_pairs"][0])]
        totals, report = check_bundle(b, tmp_path)
>       assert not totals["verified"], (mutation, report)
E       AssertionError: ('extra_invalid', {'bundle_failures': [], 'contract': 'two_rim.ideal.recheck_bundle/1', 'diagnostic_fields_not_verifie...0-10.0.26200-SP0', 'python': '3.11.9 (tags/v3.11.9:de54cf5, Apr  2 2024, 10:12:12) [MSC v.1938 64 bit (AMD64)]'}, ...})
E       assert not True

<review-scratch>\review-4b\test_stage4b_review.py:123: AssertionError
---------------------------- Captured stdout call -----------------------------
{
 "axis_confirmed": 3,
 "axis_rows": 3,
 "coordinates_checked": 32,
 "coordinates_contained": 32,
 "euclidean_bounds_confirmed": 3,
 "expected_pairs": 6,
 "failed_seams": 0,
 "failures": 0,
 "rejected_seams": 0,
 "rows_checked": 6,
 "theorem_s_confirmed": 3,
 "theorem_s_rows": 3,
 "unknown_rows": 0,
 "verified": true,
 "verified_seams": 1,
 "witness_bounds_confirmed": 0,
 "witness_confirmed": 0,
 "witness_rows": 0
}
_ test_I02_every_supplied_side_record_and_partition_must_be_accounted_for[contradictory_partition] _

square = (<glab.core.runfile.Run object at 0x0000018769233DD0>, {'seam': 'E0', 'cut': 'sha256:2859dfc3b9b5631880c5aa8929b4c42e3...ision': 'sha256:9afbe78b6b33ca27d013e475a00c8b073adf92c3bc773628c219ec1b349dde1d', 'checker_version': 1, ...}, ...]}}})
tmp_path = WindowsPath('C:/Users/<user>/AppData/Local/Temp/pytest-of-<user>/pytest-1808/test_I02_every_supplied_side_r3')
mutation = 'contradictory_partition'

    @pytest.mark.parametrize("mutation", ["duplicate_valid", "duplicate_corrupt", "extra_invalid", "contradictory_partition"])
    def test_I02_every_supplied_side_record_and_partition_must_be_accounted_for(square, tmp_path, mutation):
        b = copy.deepcopy(square[2])
        rows = claim(b, "E0", SIDES)["receipt"]["rows"]
        if mutation.startswith("duplicate"):
            extra = copy.deepcopy(rows[0])
            if mutation == "duplicate_corrupt":
                face = extra["pair"][0]
                key = next(iter(extra["sigma"][face]))
                extra["sigma"][face][key] = "999999"
            # The valid original follows it: a dict-comprehension silently overwrites this record.
            rows.insert(0, extra)
        elif mutation == "extra_invalid":
            rows.append({"pair": ["F0", "F99"], "outcome": "pass", "sigma": {}})
        else:
            ts = claim(b, "E0", THEOREM_S)["receipt"]
            ts["undecided_pairs"] = [copy.deepcopy(ts["decided_pairs"][0])]
        totals, report = check_bundle(b, tmp_path)
>       assert not totals["verified"], (mutation, report)
E       AssertionError: ('contradictory_partition', {'bundle_failures': [], 'contract': 'two_rim.ideal.recheck_bundle/1', 'diagnostic_fields_n...0-10.0.26200-SP0', 'python': '3.11.9 (tags/v3.11.9:de54cf5, Apr  2 2024, 10:12:12) [MSC v.1938 64 bit (AMD64)]'}, ...})
E       assert not True

<review-scratch>\review-4b\test_stage4b_review.py:123: AssertionError
---------------------------- Captured stdout call -----------------------------
{
 "axis_confirmed": 3,
 "axis_rows": 3,
 "coordinates_checked": 32,
 "coordinates_contained": 32,
 "euclidean_bounds_confirmed": 3,
 "expected_pairs": 6,
 "failed_seams": 0,
 "failures": 0,
 "rejected_seams": 0,
 "rows_checked": 6,
 "theorem_s_confirmed": 3,
 "theorem_s_rows": 3,
 "unknown_rows": 0,
 "verified": true,
 "verified_seams": 1,
 "witness_bounds_confirmed": 0,
 "witness_confirmed": 0,
 "witness_rows": 0
}
=================================== PASSES ====================================
___________________ test_control_genuine_maintained_bundle ____________________
---------------------------- Captured stdout call -----------------------------
{
 "axis_confirmed": 3,
 "axis_rows": 3,
 "coordinates_checked": 32,
 "coordinates_contained": 32,
 "euclidean_bounds_confirmed": 3,
 "expected_pairs": 6,
 "failed_seams": 0,
 "failures": 0,
 "rejected_seams": 0,
 "rows_checked": 6,
 "theorem_s_confirmed": 3,
 "theorem_s_rows": 3,
 "unknown_rows": 0,
 "verified": true,
 "verified_seams": 1,
 "witness_bounds_confirmed": 0,
 "witness_confirmed": 0,
 "witness_rows": 0
}
__________ test_control_decided_interval_row_requires_its_box_level ___________
---------------------------- Captured stdout call -----------------------------
{
 "axis_confirmed": 0,
 "axis_rows": 0,
 "coordinates_checked": 0,
 "coordinates_contained": 0,
 "euclidean_bounds_confirmed": 0,
 "expected_pairs": 6,
 "failed_seams": 0,
 "failures": 4,
 "rejected_seams": 1,
 "rows_checked": 6,
 "theorem_s_confirmed": 0,
 "theorem_s_rows": 0,
 "unknown_rows": 0,
 "verified": false,
 "verified_seams": 0,
 "witness_bounds_confirmed": 0,
 "witness_confirmed": 0,
 "witness_rows": 0
}
____________ test_control_one_honest_unknown_is_not_a_safety_pass _____________
---------------------------- Captured stdout call -----------------------------
{
 "axis_confirmed": 2,
 "axis_rows": 2,
 "coordinates_checked": 32,
 "coordinates_contained": 32,
 "euclidean_bounds_confirmed": 2,
 "expected_pairs": 6,
 "failed_seams": 0,
 "failures": 0,
 "rejected_seams": 0,
 "rows_checked": 6,
 "theorem_s_confirmed": 3,
 "theorem_s_rows": 3,
 "unknown_rows": 1,
 "verified": true,
 "verified_seams": 1,
 "witness_bounds_confirmed": 0,
 "witness_confirmed": 0,
 "witness_rows": 0
}
=========================== short test summary info ===========================
PASSED <review-scratch>\review-4b\test_stage4b_review.py::test_control_genuine_maintained_bundle
PASSED <review-scratch>\review-4b\test_stage4b_review.py::test_control_decided_interval_row_requires_its_box_level
PASSED <review-scratch>\review-4b\test_stage4b_review.py::test_control_one_honest_unknown_is_not_a_safety_pass
PASSED <review-scratch>\review-4b\test_stage4b_review.py::test_control_wrong_expected_policy_prevents_source_linked_verdict
PASSED <review-scratch>\review-4b\test_stage4b_review.py::test_control_missing_prerequisites_prevents_source_linked_verdict
PASSED <review-scratch>\review-4b\test_stage4b_review.py::test_control_round_trip_replay_reproduces_maintained_ideal_run
PASSED <review-scratch>\review-4b\test_stage4b_review.py::test_control_material_is_not_an_ideal_evidence_subject
FAILED <review-scratch>\review-4b\test_stage4b_review.py::test_I01_default_policy_all_interval_rows_unknown_is_checkable
FAILED <review-scratch>\review-4b\test_stage4b_review.py::test_I02_every_supplied_side_record_and_partition_must_be_accounted_for[duplicate_valid]
FAILED <review-scratch>\review-4b\test_stage4b_review.py::test_I02_every_supplied_side_record_and_partition_must_be_accounted_for[duplicate_corrupt]
FAILED <review-scratch>\review-4b\test_stage4b_review.py::test_I02_every_supplied_side_record_and_partition_must_be_accounted_for[extra_invalid]
FAILED <review-scratch>\review-4b\test_stage4b_review.py::test_I02_every_supplied_side_record_and_partition_must_be_accounted_for[contradictory_partition]
5 failed, 7 passed in 4.70s
