........................................................................ [ 72%]
...........................                                              [100%]
=================================== PASSES ====================================
=========================== short test summary info ===========================
PASSED probes/stage4a/tests/controls/test_c1_c3_arithmetic.py::test_four_way_sign[0-0-zero]
PASSED probes/stage4a/tests/controls/test_c1_c3_arithmetic.py::test_four_way_sign[0-1-undecided]
PASSED probes/stage4a/tests/controls/test_c1_c3_arithmetic.py::test_four_way_sign[-1-0-undecided]
PASSED probes/stage4a/tests/controls/test_c1_c3_arithmetic.py::test_four_way_sign[-1-1-undecided]
PASSED probes/stage4a/tests/controls/test_c1_c3_arithmetic.py::test_four_way_sign[lo4-1-positive]
PASSED probes/stage4a/tests/controls/test_c1_c3_arithmetic.py::test_four_way_sign[-2-hi5-negative]
PASSED probes/stage4a/tests/controls/test_c1_c3_arithmetic.py::test_four_way_sign[5-5-positive]
PASSED probes/stage4a/tests/controls/test_c1_c3_arithmetic.py::test_products_with_mixed_signs
PASSED probes/stage4a/tests/controls/test_c1_c3_arithmetic.py::test_dependency_is_not_hidden_as_exact_zero
PASSED probes/stage4a/tests/controls/test_c1_c3_arithmetic.py::test_outward_rounding_only_widens_to_dyadics
PASSED probes/stage4a/tests/controls/test_c1_c3_arithmetic.py::test_floats_and_empty_intervals_are_refused
PASSED probes/stage4a/tests/controls/test_c1_c3_arithmetic.py::test_containment_helpers
PASSED probes/stage4a/tests/controls/test_c1_c3_arithmetic.py::test_zero_containing_denominator_is_an_error_record[den0]
PASSED probes/stage4a/tests/controls/test_c1_c3_arithmetic.py::test_zero_containing_denominator_is_an_error_record[den1]
PASSED probes/stage4a/tests/controls/test_c1_c3_arithmetic.py::test_zero_containing_denominator_is_an_error_record[den2]
PASSED probes/stage4a/tests/controls/test_c1_c3_arithmetic.py::test_zero_containing_denominator_is_an_error_record[den3]
PASSED probes/stage4a/tests/controls/test_c1_c3_arithmetic.py::test_division_away_from_zero_is_exact
PASSED probes/stage4a/tests/controls/test_c1_c3_arithmetic.py::test_square_root_enclosure_is_checked_exactly[0-a0]
PASSED probes/stage4a/tests/controls/test_c1_c3_arithmetic.py::test_square_root_enclosure_is_checked_exactly[0-a1]
PASSED probes/stage4a/tests/controls/test_c1_c3_arithmetic.py::test_square_root_enclosure_is_checked_exactly[0-a2]
PASSED probes/stage4a/tests/controls/test_c1_c3_arithmetic.py::test_square_root_enclosure_is_checked_exactly[0-a3]
PASSED probes/stage4a/tests/controls/test_c1_c3_arithmetic.py::test_square_root_enclosure_is_checked_exactly[0-a4]
PASSED probes/stage4a/tests/controls/test_c1_c3_arithmetic.py::test_square_root_enclosure_is_checked_exactly[0-a5]
PASSED probes/stage4a/tests/controls/test_c1_c3_arithmetic.py::test_square_root_enclosure_is_checked_exactly[0-a6]
PASSED probes/stage4a/tests/controls/test_c1_c3_arithmetic.py::test_square_root_enclosure_is_checked_exactly[0-a7]
PASSED probes/stage4a/tests/controls/test_c1_c3_arithmetic.py::test_square_root_enclosure_is_checked_exactly[0-a8]
PASSED probes/stage4a/tests/controls/test_c1_c3_arithmetic.py::test_square_root_enclosure_is_checked_exactly[0-a9]
PASSED probes/stage4a/tests/controls/test_c1_c3_arithmetic.py::test_square_root_enclosure_is_checked_exactly[1-a0]
PASSED probes/stage4a/tests/controls/test_c1_c3_arithmetic.py::test_square_root_enclosure_is_checked_exactly[1-a1]
PASSED probes/stage4a/tests/controls/test_c1_c3_arithmetic.py::test_square_root_enclosure_is_checked_exactly[1-a2]
PASSED probes/stage4a/tests/controls/test_c1_c3_arithmetic.py::test_square_root_enclosure_is_checked_exactly[1-a3]
PASSED probes/stage4a/tests/controls/test_c1_c3_arithmetic.py::test_square_root_enclosure_is_checked_exactly[1-a4]
PASSED probes/stage4a/tests/controls/test_c1_c3_arithmetic.py::test_square_root_enclosure_is_checked_exactly[1-a5]
PASSED probes/stage4a/tests/controls/test_c1_c3_arithmetic.py::test_square_root_enclosure_is_checked_exactly[1-a6]
PASSED probes/stage4a/tests/controls/test_c1_c3_arithmetic.py::test_square_root_enclosure_is_checked_exactly[1-a7]
PASSED probes/stage4a/tests/controls/test_c1_c3_arithmetic.py::test_square_root_enclosure_is_checked_exactly[1-a8]
PASSED probes/stage4a/tests/controls/test_c1_c3_arithmetic.py::test_square_root_enclosure_is_checked_exactly[1-a9]
PASSED probes/stage4a/tests/controls/test_c1_c3_arithmetic.py::test_square_root_enclosure_is_checked_exactly[8-a0]
PASSED probes/stage4a/tests/controls/test_c1_c3_arithmetic.py::test_square_root_enclosure_is_checked_exactly[8-a1]
PASSED probes/stage4a/tests/controls/test_c1_c3_arithmetic.py::test_square_root_enclosure_is_checked_exactly[8-a2]
PASSED probes/stage4a/tests/controls/test_c1_c3_arithmetic.py::test_square_root_enclosure_is_checked_exactly[8-a3]
PASSED probes/stage4a/tests/controls/test_c1_c3_arithmetic.py::test_square_root_enclosure_is_checked_exactly[8-a4]
PASSED probes/stage4a/tests/controls/test_c1_c3_arithmetic.py::test_square_root_enclosure_is_checked_exactly[8-a5]
PASSED probes/stage4a/tests/controls/test_c1_c3_arithmetic.py::test_square_root_enclosure_is_checked_exactly[8-a6]
PASSED probes/stage4a/tests/controls/test_c1_c3_arithmetic.py::test_square_root_enclosure_is_checked_exactly[8-a7]
PASSED probes/stage4a/tests/controls/test_c1_c3_arithmetic.py::test_square_root_enclosure_is_checked_exactly[8-a8]
PASSED probes/stage4a/tests/controls/test_c1_c3_arithmetic.py::test_square_root_enclosure_is_checked_exactly[8-a9]
PASSED probes/stage4a/tests/controls/test_c1_c3_arithmetic.py::test_square_root_enclosure_is_checked_exactly[64-a0]
PASSED probes/stage4a/tests/controls/test_c1_c3_arithmetic.py::test_square_root_enclosure_is_checked_exactly[64-a1]
PASSED probes/stage4a/tests/controls/test_c1_c3_arithmetic.py::test_square_root_enclosure_is_checked_exactly[64-a2]
PASSED probes/stage4a/tests/controls/test_c1_c3_arithmetic.py::test_square_root_enclosure_is_checked_exactly[64-a3]
PASSED probes/stage4a/tests/controls/test_c1_c3_arithmetic.py::test_square_root_enclosure_is_checked_exactly[64-a4]
PASSED probes/stage4a/tests/controls/test_c1_c3_arithmetic.py::test_square_root_enclosure_is_checked_exactly[64-a5]
PASSED probes/stage4a/tests/controls/test_c1_c3_arithmetic.py::test_square_root_enclosure_is_checked_exactly[64-a6]
PASSED probes/stage4a/tests/controls/test_c1_c3_arithmetic.py::test_square_root_enclosure_is_checked_exactly[64-a7]
PASSED probes/stage4a/tests/controls/test_c1_c3_arithmetic.py::test_square_root_enclosure_is_checked_exactly[64-a8]
PASSED probes/stage4a/tests/controls/test_c1_c3_arithmetic.py::test_square_root_enclosure_is_checked_exactly[64-a9]
PASSED probes/stage4a/tests/controls/test_c1_c3_arithmetic.py::test_square_root_enclosure_is_checked_exactly[200-a0]
PASSED probes/stage4a/tests/controls/test_c1_c3_arithmetic.py::test_square_root_enclosure_is_checked_exactly[200-a1]
PASSED probes/stage4a/tests/controls/test_c1_c3_arithmetic.py::test_square_root_enclosure_is_checked_exactly[200-a2]
PASSED probes/stage4a/tests/controls/test_c1_c3_arithmetic.py::test_square_root_enclosure_is_checked_exactly[200-a3]
PASSED probes/stage4a/tests/controls/test_c1_c3_arithmetic.py::test_square_root_enclosure_is_checked_exactly[200-a4]
PASSED probes/stage4a/tests/controls/test_c1_c3_arithmetic.py::test_square_root_enclosure_is_checked_exactly[200-a5]
PASSED probes/stage4a/tests/controls/test_c1_c3_arithmetic.py::test_square_root_enclosure_is_checked_exactly[200-a6]
PASSED probes/stage4a/tests/controls/test_c1_c3_arithmetic.py::test_square_root_enclosure_is_checked_exactly[200-a7]
PASSED probes/stage4a/tests/controls/test_c1_c3_arithmetic.py::test_square_root_enclosure_is_checked_exactly[200-a8]
PASSED probes/stage4a/tests/controls/test_c1_c3_arithmetic.py::test_square_root_enclosure_is_checked_exactly[200-a9]
PASSED probes/stage4a/tests/controls/test_c1_c3_arithmetic.py::test_perfect_squares_are_exact[a0-root0]
PASSED probes/stage4a/tests/controls/test_c1_c3_arithmetic.py::test_perfect_squares_are_exact[a1-root1]
PASSED probes/stage4a/tests/controls/test_c1_c3_arithmetic.py::test_perfect_squares_are_exact[a2-root2]
PASSED probes/stage4a/tests/controls/test_c1_c3_arithmetic.py::test_perfect_squares_are_exact[a3-root3]
PASSED probes/stage4a/tests/controls/test_c1_c3_arithmetic.py::test_square_root_narrows_monotonically_with_precision
PASSED probes/stage4a/tests/controls/test_c1_c3_arithmetic.py::test_negative_radicand_is_an_error_record
PASSED probes/stage4a/tests/controls/test_c1_c3_arithmetic.py::test_reciprocal_square_root_of_zero_is_an_error_record
PASSED probes/stage4a/tests/controls/test_c1_c3_arithmetic.py::test_reciprocal_square_root_is_relative_to_the_radicand_denominator
PASSED probes/stage4a/tests/controls/test_c1_c3_arithmetic.py::test_insufficient_absolute_precision_surfaces_as_a_zero_denominator
PASSED probes/stage4a/tests/controls/test_c1_c3_arithmetic.py::test_square_root_rejects_non_exact_inputs
PASSED probes/stage4a/tests/controls/test_c4_c6_c7_specimens.py::test_prerequisites_are_present_current_and_passing
PASSED probes/stage4a/tests/controls/test_c4_c6_c7_specimens.py::test_low_precision_never_gives_a_false_verdict
PASSED probes/stage4a/tests/controls/test_c4_c6_c7_specimens.py::test_known_overlap_is_unknown_at_very_low_precision_and_fail_at_high
PASSED probes/stage4a/tests/controls/test_c4_c6_c7_specimens.py::test_zero_denominator_in_classification_is_unknown
PASSED probes/stage4a/tests/controls/test_c4_c6_c7_specimens.py::test_valid_retained_neighbours_pass_by_exact_sides
PASSED probes/stage4a/tests/controls/test_c4_c6_c7_specimens.py::test_wrong_hinge_is_refused
PASSED probes/stage4a/tests/controls/test_c4_c6_c7_specimens.py::test_nonconsecutive_faces_are_refused
PASSED probes/stage4a/tests/controls/test_c4_c6_c7_specimens.py::test_the_seam_pair_is_not_shared_in_D
PASSED probes/stage4a/tests/controls/test_c4_c6_c7_specimens.py::test_matching_hinge_ids_with_a_different_endpoint_are_refused
PASSED probes/stage4a/tests/controls/test_c4_c6_c7_specimens.py::test_inward_normal_is_refused
PASSED probes/stage4a/tests/controls/test_c4_c6_c7_specimens.py::test_float_states_in_the_same_run_change_nothing_in_the_certificate
PASSED probes/stage4a/tests/controls/test_c4_c6_c7_specimens.py::test_altered_float_placement_never_inherits_the_ideal_certificate
PASSED probes/stage4a/tests/controls/test_c5_synthetic_pairs.py::test_overlap_is_a_certified_fail_with_a_witness_inside_both
PASSED probes/stage4a/tests/controls/test_c5_synthetic_pairs.py::test_separation_is_a_certified_pass_with_a_gap
PASSED probes/stage4a/tests/controls/test_c5_synthetic_pairs.py::test_exact_touching_is_a_pass_boundary_contact_allowed
PASSED probes/stage4a/tests/controls/test_c5_synthetic_pairs.py::test_touching_with_enclosure_width_is_unknown_not_a_verdict
PASSED probes/stage4a/tests/controls/test_c5_synthetic_pairs.py::test_near_touch_overlap_resolves_only_with_precision[16-unknown]
PASSED probes/stage4a/tests/controls/test_c5_synthetic_pairs.py::test_near_touch_overlap_resolves_only_with_precision[100-fail]
PASSED probes/stage4a/tests/controls/test_c5_synthetic_pairs.py::test_near_touch_gap_resolves_only_with_precision[16-unknown]
PASSED probes/stage4a/tests/controls/test_c5_synthetic_pairs.py::test_near_touch_gap_resolves_only_with_precision[100-pass]
PASSED probes/stage4a/tests/controls/test_c5_synthetic_pairs.py::test_overlap_without_certified_orientation_is_never_a_fail
PASSED probes/stage4a/tests/controls/test_c5_synthetic_pairs.py::test_wide_boxes_never_produce_a_verdict
99 passed in 3.46s
