============================= test session starts =============================
platform win32 -- Python 3.11.9, pytest-9.1.1, pluggy-1.6.0 -- <engine>\.venv\Scripts\python.exe
rootdir: <engine>
configfile: pyproject.toml
collecting ... collected 59 items

tests/two_rim/test_checker.py::test_checker_imports_no_generator_code PASSED [  1%]
tests/two_rim/test_checker.py::test_all_claims_pass_on_valid_inputs[case0] PASSED [  3%]
tests/two_rim/test_checker.py::test_all_claims_pass_on_valid_inputs[case1] PASSED [  5%]
tests/two_rim/test_checker.py::test_all_claims_pass_on_valid_inputs[case2] PASSED [  6%]
tests/two_rim/test_checker.py::test_hull_input_provenance_is_checked PASSED [  8%]
tests/two_rim/test_checker.py::test_source_mutations_detected PASSED     [ 10%]
tests/two_rim/test_checker.py::test_material_mutations_detected PASSED   [ 11%]
tests/two_rim/test_checker.py::test_diagonal_split_of_a_trapezoid_is_not_an_original_facet PASSED [ 13%]
tests/two_rim/test_checker.py::test_merging_nearly_coplanar_triangles_is_detected PASSED [ 15%]
tests/two_rim/test_golden.py::test_fixture_matches_pinned_originals[F1_translated_square_prism] PASSED [ 16%]
tests/two_rim/test_golden.py::test_fixture_matches_pinned_originals[F2_nonnested_mixed] PASSED [ 18%]
tests/two_rim/test_golden.py::test_fixture_matches_pinned_originals[F3_near_degenerate_prism] PASSED [ 20%]
tests/two_rim/test_golden.py::test_fixture_matches_pinned_originals[X_pinned_hard_flat] PASSED [ 22%]
tests/two_rim/test_golden.py::test_fixture_passes_independent_oracle[F1_translated_square_prism] PASSED [ 23%]
tests/two_rim/test_golden.py::test_fixture_passes_independent_oracle[F2_nonnested_mixed] PASSED [ 25%]
tests/two_rim/test_golden.py::test_fixture_passes_independent_oracle[F3_near_degenerate_prism] PASSED [ 27%]
tests/two_rim/test_golden.py::test_fixture_passes_independent_oracle[X_pinned_hard_flat] PASSED [ 28%]
tests/two_rim/test_golden.py::test_random_generator_yields_200_valid_cases_with_counted_rejections PASSED [ 30%]
tests/two_rim/test_golden.py::test_random_cases_match_pinned_originals PASSED [ 32%]
tests/two_rim/test_golden.py::test_random_cases_pass_independent_oracle PASSED [ 33%]
tests/two_rim/test_golden.py::test_golden_comparison_can_fail PASSED     [ 35%]
tests/two_rim/test_golden.py::test_supplementary_shared_normal_family PASSED [ 37%]
tests/two_rim/test_material.py::test_structure_chain_rings_and_edges PASSED [ 38%]
tests/two_rim/test_material.py::test_shared_edge_normals_give_only_trapezoids PASSED [ 40%]
tests/two_rim/test_material.py::test_normals_on_one_rim_give_triangles_and_mixed_shapes PASSED [ 42%]
tests/two_rim/test_material.py::test_opposite_normals_are_not_merged PASSED [ 44%]
tests/two_rim/test_material.py::test_multi_face_rim_vertex PASSED        [ 45%]
tests/two_rim/test_material.py::test_tiny_positive_height PASSED         [ 47%]
tests/two_rim/test_material.py::test_perturbation_below_float_resolution_stays_in_the_material PASSED [ 49%]
tests/two_rim/test_material.py::test_identity_ignores_presentation_but_not_geometry PASSED [ 50%]
tests/two_rim/test_material.py::test_no_float_or_trigonometry_decides_topology PASSED [ 52%]
tests/two_rim/test_material.py::test_material_vertices_equal_parent_source_rims PASSED [ 54%]
tests/two_rim/test_material.py::test_unsupported_source_schema_rejected PASSED [ 55%]
tests/two_rim/test_source.py::test_payload_shape_and_conventions PASSED  [ 57%]
tests/two_rim/test_source.py::test_cyclic_ccw_is_reversed_to_clockwise_from_the_minimum PASSED [ 59%]
tests/two_rim/test_source.py::test_cyclic_presentations_normalize_identically PASSED [ 61%]
tests/two_rim/test_source.py::test_exact_spellings_normalize_to_canonical_strings PASSED [ 62%]
tests/two_rim/test_source.py::test_tiny_perturbation_stays_exact PASSED  [ 64%]
tests/two_rim/test_source.py::test_invalid_inputs_fail_clearly[bad0-exactly two coordinates] PASSED [ 66%]
tests/two_rim/test_source.py::test_invalid_inputs_fail_clearly[bad1-exactly two coordinates] PASSED [ 67%]
tests/two_rim/test_source.py::test_invalid_inputs_fail_clearly[bad2-exactly two coordinates] PASSED [ 69%]
tests/two_rim/test_source.py::test_invalid_inputs_fail_clearly[bad3-list of points] PASSED [ 71%]
tests/two_rim/test_source.py::test_invalid_inputs_fail_clearly[bad4-at least 3] PASSED [ 72%]
tests/two_rim/test_source.py::test_invalid_inputs_fail_clearly[bad5-at least 3] PASSED [ 74%]
tests/two_rim/test_source.py::test_invalid_inputs_fail_clearly[bad6-exact] PASSED [ 76%]
tests/two_rim/test_source.py::test_invalid_inputs_fail_clearly[bad7-exact] PASSED [ 77%]
tests/two_rim/test_source.py::test_invalid_inputs_fail_clearly[bad8-height must be positive] PASSED [ 79%]
tests/two_rim/test_source.py::test_invalid_inputs_fail_clearly[bad9-height must be positive] PASSED [ 81%]
tests/two_rim/test_source.py::test_invalid_inputs_fail_clearly[bad10-exact] PASSED [ 83%]
tests/two_rim/test_source.py::test_invalid_inputs_fail_clearly[bad11-input_kind] PASSED [ 84%]
tests/two_rim/test_source.py::test_malformed_cyclic_input_is_never_repaired[top0-not strictly convex] PASSED [ 86%]
tests/two_rim/test_source.py::test_malformed_cyclic_input_is_never_repaired[top1-repeats a point] PASSED [ 88%]
tests/two_rim/test_source.py::test_malformed_cyclic_input_is_never_repaired[top2-not strictly convex] PASSED [ 89%]
tests/two_rim/test_source.py::test_malformed_cyclic_input_is_never_repaired[top3-not strictly convex] PASSED [ 91%]
tests/two_rim/test_source.py::test_malformed_cyclic_input_is_never_repaired[top4-not a simple] PASSED [ 93%]
tests/two_rim/test_source.py::test_malformed_cyclic_input_is_never_repaired[top5-empty interior] PASSED [ 94%]
tests/two_rim/test_source.py::test_point_set_hull_records_every_removed_point PASSED [ 96%]
tests/two_rim/test_source.py::test_point_set_hull_needs_positive_area PASSED [ 98%]
tests/two_rim/test_source.py::test_inputs_are_not_mutated PASSED         [100%]

============================= 59 passed in 3.24s ==============================
