============================= test session starts =============================
platform win32 -- Python 3.11.9, pytest-9.1.1, pluggy-1.6.0 -- <engine>\.venv\Scripts\python.exe
rootdir: <engine>
configfile: pyproject.toml
collecting ... collected 144 items

tests/core/test_evidence.py::test_outcome_method_representation_and_validation_are_distinct PASSED [  0%]
tests/core/test_evidence.py::test_missing_required_evidence_cannot_pass PASSED [  1%]
tests/core/test_evidence.py::test_required_unknown_propagates_and_fail_dominates PASSED [  2%]
tests/core/test_evidence.py::test_repeated_checks_are_retained_and_conflicts_never_overwrite PASSED [  2%]
tests/core/test_evidence.py::test_changed_ancestor_invalidates_reuse PASSED [  3%]
tests/core/test_evidence.py::test_checker_revision_change_invalidates_reuse PASSED [  4%]
tests/core/test_evidence.py::test_tolerance_policy_change_invalidates_reuse PASSED [  4%]
tests/core/test_evidence.py::test_rounded_representation_is_not_evidence_about_its_exact_source PASSED [  5%]
tests/core/test_evidence.py::test_numerical_pass_does_not_satisfy_an_exact_requirement PASSED [  6%]
tests/core/test_evidence.py::test_ambiguous_contact_at_hypothetical_glued_hinge_stays_unknown PASSED [  6%]
tests/core/test_evidence.py::test_near_integer_float_is_unknown_not_pass PASSED [  7%]
tests/core/test_evidence.py::test_imported_results_are_not_verified_by_label PASSED [  8%]
tests/core/test_evidence.py::test_formal_proof_has_no_route_to_pass PASSED [  9%]
tests/core/test_evidence.py::test_requirement_parameters_bind_evidence PASSED [  9%]
tests/core/test_evidence.py::test_speculative_state_is_preserved_with_failing_evidence PASSED [ 10%]
tests/core/test_evidence.py::test_check_input_validation PASSED          [ 11%]
tests/core/test_import_boundaries.py::test_core_uses_only_stdlib_and_itself PASSED [ 11%]
tests/core/test_import_boundaries.py::test_core_names_no_geometry_numeric_or_viewer_dependency PASSED [ 12%]
tests/core/test_records.py::test_equal_exact_spellings_normalize[1_0] PASSED [ 13%]
tests/core/test_records.py::test_equal_exact_spellings_normalize[1_1] PASSED [ 13%]
tests/core/test_records.py::test_equal_exact_spellings_normalize[2/2] PASSED [ 14%]
tests/core/test_records.py::test_equal_exact_spellings_normalize[1.0] PASSED [ 15%]
tests/core/test_records.py::test_equal_exact_spellings_normalize[10e-1] PASSED [ 15%]
tests/core/test_records.py::test_equal_exact_spellings_normalize[+1] PASSED [ 16%]
tests/core/test_records.py::test_equal_exact_spellings_normalize[ 1 ] PASSED [ 17%]
tests/core/test_records.py::test_fraction_and_decimal_agree PASSED       [ 18%]
tests/core/test_records.py::test_nonexact_inputs_rejected[0.5] PASSED    [ 18%]
tests/core/test_records.py::test_nonexact_inputs_rejected[1.0] PASSED    [ 19%]
tests/core/test_records.py::test_nonexact_inputs_rejected[True] PASSED   [ 20%]
tests/core/test_records.py::test_nonexact_inputs_rejected[False] PASSED  [ 20%]
tests/core/test_records.py::test_nonexact_inputs_rejected[None] PASSED   [ 21%]
tests/core/test_records.py::test_nonexact_inputs_rejected[bad5] PASSED   [ 22%]
tests/core/test_records.py::test_nonexact_inputs_rejected[nan] PASSED    [ 22%]
tests/core/test_records.py::test_nonexact_inputs_rejected[inf] PASSED    [ 23%]
tests/core/test_records.py::test_nonexact_inputs_rejected[-Infinity] PASSED [ 24%]
tests/core/test_records.py::test_nonexact_inputs_rejected[1/0] PASSED    [ 25%]
tests/core/test_records.py::test_nonexact_inputs_rejected[] PASSED       [ 25%]
tests/core/test_records.py::test_nonexact_inputs_rejected[1/2/3] PASSED  [ 26%]
tests/core/test_records.py::test_nonexact_inputs_rejected[0x10] PASSED   [ 27%]
tests/core/test_records.py::test_nonexact_inputs_rejected[1_000] PASSED  [ 27%]
tests/core/test_records.py::test_nonexact_inputs_rejected[\xbd] PASSED   [ 28%]
tests/core/test_records.py::test_canonical_json_is_order_independent_and_compact PASSED [ 29%]
tests/core/test_records.py::test_canonical_json_rejects_non_json_values[bad0] PASSED [ 29%]
tests/core/test_records.py::test_canonical_json_rejects_non_json_values[bad1] PASSED [ 30%]
tests/core/test_records.py::test_canonical_json_rejects_non_json_values[bad2] PASSED [ 31%]
tests/core/test_records.py::test_canonical_json_rejects_non_json_values[bad3] PASSED [ 31%]
tests/core/test_records.py::test_canonical_json_rejects_non_json_values[bad4] PASSED [ 32%]
tests/core/test_records.py::test_canonical_json_rejects_non_json_values[bad5] PASSED [ 33%]
tests/core/test_records.py::test_strict_loads_rejects_duplicates_and_nonfinite PASSED [ 34%]
tests/core/test_records.py::test_float_round_trips_through_canonical_text PASSED [ 34%]
tests/core/test_records.py::test_valid_state_passes_and_hash_excludes_nothing_semantic PASSED [ 35%]
tests/core/test_records.py::test_invalid_states_rejected[over0-unsupported state schema] PASSED [ 36%]
tests/core/test_records.py::test_invalid_states_rejected[over1-kind] PASSED [ 36%]
tests/core/test_records.py::test_invalid_states_rejected[over2-kind] PASSED [ 37%]
tests/core/test_records.py::test_invalid_states_rejected[over3-parent] PASSED [ 38%]
tests/core/test_records.py::test_invalid_states_rejected[over4-parent] PASSED [ 38%]
tests/core/test_records.py::test_invalid_states_rejected[over5-representation] PASSED [ 39%]
tests/core/test_records.py::test_invalid_states_rejected[over6-payload] PASSED [ 40%]
tests/core/test_records.py::test_invalid_states_rejected[over7-exact representation contains a float] PASSED [ 40%]
tests/core/test_records.py::test_invalid_states_rejected[over8-exact representation contains a float] PASSED [ 41%]
tests/core/test_records.py::test_state_rejects_extra_or_missing_keys PASSED [ 42%]
tests/core/test_records.py::test_approximate_state_may_hold_floats_but_is_never_relabeled_exact PASSED [ 43%]
tests/core/test_records.py::test_store_returns_defensive_copies PASSED   [ 43%]
tests/core/test_records.py::test_store_chain_validation_detects_dangling_and_tampered_ancestors PASSED [ 44%]
tests/core/test_records.py::test_store_rejects_cyclic_references_in_imported_records PASSED [ 45%]
tests/core/test_registry.py::test_two_actions_create_new_snapshots PASSED [ 45%]
tests/core/test_registry.py::test_rejections_are_recorded_not_lost[toy.int.rotate-1-params0-unknown action] PASSED [ 46%]
tests/core/test_registry.py::test_rejections_are_recorded_not_lost[toy.int.add-2-params1-unknown version] PASSED [ 47%]
tests/core/test_registry.py::test_rejections_are_recorded_not_lost[toy.int.add-True-params2-version] PASSED [ 47%]
tests/core/test_registry.py::test_rejections_are_recorded_not_lost[toy.int.add-1-params3-version] PASSED [ 48%]
tests/core/test_registry.py::test_rejections_are_recorded_not_lost[toy.int.add-1-params4-unexpected parameter] PASSED [ 49%]
tests/core/test_registry.py::test_rejections_are_recorded_not_lost[toy.int.add-1-params5-missing parameter] PASSED [ 50%]
tests/core/test_registry.py::test_rejections_are_recorded_not_lost[toy.int.add-1-params6-parameter 'k'] PASSED [ 50%]
tests/core/test_registry.py::test_rejections_are_recorded_not_lost[toy.int.add-1-params7-parameter 'k'] PASSED [ 51%]
tests/core/test_registry.py::test_rejections_are_recorded_not_lost[toy.int.add-1-params8-parameter 'k'] PASSED [ 52%]
tests/core/test_registry.py::test_rejections_are_recorded_not_lost[toy.int.add-1-params9-parameters must be an object] PASSED [ 52%]
tests/core/test_registry.py::test_incompatible_input_kind_and_bad_inputs_rejected PASSED [ 53%]
tests/core/test_registry.py::test_failed_construction_is_retained_with_no_output PASSED [ 54%]
tests/core/test_registry.py::test_callback_cannot_mutate_retained_parent PASSED [ 54%]
tests/core/test_registry.py::test_returned_records_are_copies PASSED     [ 55%]
tests/core/test_registry.py::test_seed_is_recorded PASSED                [ 56%]
tests/core/test_registry.py::test_registry_rejects_duplicates_and_bad_specs PASSED [ 56%]
tests/core/test_registry.py::test_param_enum_and_exact PASSED            [ 57%]
tests/core/test_repairs.py::test_rejected_bool_version_is_stored_as_json_bool_and_replays PASSED [ 58%]
tests/core/test_repairs.py::test_unrepresentable_input_is_described_not_evaluated PASSED [ 59%]
tests/core/test_repairs.py::test_reproduced_always_means_full_digest_reproduced PASSED [ 59%]
tests/core/test_repairs.py::test_failed_checker_attempt_is_recorded_raised_and_does_not_negate_earlier_evidence PASSED [ 60%]
tests/core/test_repairs.py::test_rejected_check_attempts_are_recorded_then_raised PASSED [ 61%]
tests/core/test_repairs.py::test_malformed_and_formal_outputs_are_failed_attempts PASSED [ 61%]
tests/core/test_repairs.py::test_zero_claim_and_multi_claim_checks_replay_as_whole_attempts PASSED [ 62%]
tests/core/test_repairs.py::test_history_interleaves_actions_and_checks PASSED [ 63%]
tests/core/test_repairs.py::test_caller_mutation_after_apply_cannot_change_the_record PASSED [ 63%]
tests/core/test_repairs.py::test_loaded_record_and_store_are_fresh_copies_of_one_snapshot PASSED [ 64%]
tests/core/test_repairs.py::test_full_coverage_satisfies_default_all_requirement PASSED [ 65%]
tests/core/test_repairs.py::test_partial_coverage_needs_an_explicit_matching_requirement PASSED [ 65%]
tests/core/test_repairs.py::test_missing_scope_evidence_is_not_run PASSED [ 66%]
tests/core/test_repairs.py::test_sample_failure_conflicts_with_full_pass PASSED [ 67%]
tests/core/test_repairs.py::test_rejected_request_for_missing_input_is_an_honest_loadable_record PASSED [ 68%]
tests/core/test_repairs.py::test_orphan_state_rejected PASSED            [ 68%]
tests/core/test_repairs.py::test_check_before_its_subject_exists_rejected PASSED [ 69%]
tests/core/test_repairs.py::test_primitive_fields_are_validated[<lambda>-seq] PASSED [ 70%]
tests/core/test_repairs.py::test_primitive_fields_are_validated[<lambda>-version0] PASSED [ 70%]
tests/core/test_repairs.py::test_primitive_fields_are_validated[<lambda>-version1] PASSED [ 71%]
tests/core/test_repairs.py::test_primitive_fields_are_validated[<lambda>-seed] PASSED [ 72%]
tests/core/test_repairs.py::test_primitive_fields_are_validated[<lambda>-revision] PASSED [ 72%]
tests/core/test_repairs.py::test_primitive_fields_are_validated[<lambda>-attempt] PASSED [ 73%]
tests/core/test_repairs.py::test_stage1_v1_run_file_is_rejected_clearly PASSED [ 74%]
tests/core/test_review_regressions_adapted.py::test_control_normal_run_reproduces_full_digest PASSED [ 75%]
tests/core/test_review_regressions_adapted.py::test_control_loading_does_not_verify_recorded_claim PASSED [ 75%]
tests/core/test_review_regressions_adapted.py::test_R01_invalid_json_version_replay_cannot_claim_reproduced_with_different_digest PASSED [ 76%]
tests/core/test_review_regressions_adapted.py::test_R01_changed_failure_message_cannot_claim_whole_run_reproduced PASSED [ 77%]
tests/core/test_review_regressions_adapted.py::test_R02_checker_crash_is_retained_as_an_attempt PASSED [ 77%]
tests/core/test_review_regressions_adapted.py::test_R02_zero_claim_check_is_retained_and_reexecuted PASSED [ 78%]
tests/core/test_review_regressions_adapted.py::test_R03_checker_owned_receipt_cannot_mutate_retained_history PASSED [ 79%]
tests/core/test_review_regressions_adapted.py::test_R03_mutating_loaded_public_record_cannot_bypass_integrity PASSED [ 79%]
tests/core/test_review_regressions_adapted.py::test_R04_explicit_all_scope_requirement_rejects_sample_only_evidence PASSED [ 80%]
tests/core/test_review_regressions_adapted.py::test_R05_successful_actions_cannot_reference_a_future_output PASSED [ 81%]
tests/core/test_runfile.py::test_round_trip_and_replay_reproduce PASSED  [ 81%]
tests/core/test_runfile.py::test_unanchored_load_is_never_authenticated PASSED [ 82%]
tests/core/test_runfile.py::test_loaded_evidence_is_not_verified_until_replayed PASSED [ 83%]
tests/core/test_runfile.py::test_save_is_deterministic PASSED            [ 84%]
tests/core/test_runfile.py::test_edits_break_internal_integrity[<lambda>-does not match its hash0] PASSED [ 84%]
tests/core/test_runfile.py::test_edits_break_internal_integrity[<lambda>-does not match its hash1] PASSED [ 85%]
tests/core/test_runfile.py::test_edits_break_internal_integrity[<lambda>-run digest0] PASSED [ 86%]
tests/core/test_runfile.py::test_edits_break_internal_integrity[<lambda>-seq] PASSED [ 86%]
tests/core/test_runfile.py::test_edits_break_internal_integrity[<lambda>-evidence ids differ0] PASSED [ 87%]
tests/core/test_runfile.py::test_edits_break_internal_integrity[<lambda>-evidence ids differ1] PASSED [ 88%]
tests/core/test_runfile.py::test_edits_break_internal_integrity[<lambda>-run digest1] PASSED [ 88%]
tests/core/test_runfile.py::test_edits_break_internal_integrity[<lambda>-run digest2] PASSED [ 89%]
tests/core/test_runfile.py::test_edits_break_internal_integrity[<lambda>-keys] PASSED [ 90%]
tests/core/test_runfile.py::test_edits_break_internal_integrity[<lambda>-unsupported run schema] PASSED [ 90%]
tests/core/test_runfile.py::test_missing_referenced_state_is_rejected_even_with_recomputed_digest PASSED [ 91%]
tests/core/test_runfile.py::test_action_order_swap_with_renumbered_seq_still_fails PASSED [ 92%]
tests/core/test_runfile.py::test_malformed_json_rejected[{"schema":"glab.run/1","schema":"glab.run/1"}-duplicate] PASSED [ 93%]
tests/core/test_runfile.py::test_malformed_json_rejected[{"schema":"glab.run/1","x":NaN}-nonfinite] PASSED [ 93%]
tests/core/test_runfile.py::test_malformed_json_rejected[not json-invalid JSON] PASSED [ 94%]
tests/core/test_runfile.py::test_cyclic_or_dangling_state_graph_rejected PASSED [ 95%]
tests/core/test_runfile.py::test_wholly_rewritten_run_fails_against_external_old_digest PASSED [ 95%]
tests/core/test_runfile.py::test_evidence_only_edit_with_recomputed_digest_needs_the_anchor PASSED [ 96%]
tests/core/test_runfile.py::test_loading_does_not_execute PASSED         [ 97%]
tests/core/test_runfile.py::test_changed_implementation_same_revision_is_a_mismatch PASSED [ 97%]
tests/core/test_runfile.py::test_changed_revision_is_not_run_not_a_pass PASSED [ 98%]
tests/core/test_runfile.py::test_missing_action_makes_dependents_not_run PASSED [ 99%]
tests/core/test_runfile.py::test_environment_mismatch_is_not_reproduced PASSED [100%]

============================= 144 passed in 0.44s =============================
